Archive member included to satisfy reference by file (symbol)

/opt/st/stm32cubeide_1.15.0/plugins/com.st.stm32cube.ide.mcu.externaltools.gnu-tools-for-stm32.12.3.rel1.linux64_1.0.100.202403111256/tools/bin/../lib/gcc/arm-none-eabi/12.3.1/../../../../arm-none-eabi/lib/thumb/v7e-m+fp/hard/libc_nano.a(libc_a-exit.o)
                              /opt/st/stm32cubeide_1.15.0/plugins/com.st.stm32cube.ide.mcu.externaltools.gnu-tools-for-stm32.12.3.rel1.linux64_1.0.100.202403111256/tools/bin/../lib/gcc/arm-none-eabi/12.3.1/../../../../arm-none-eabi/lib/thumb/v7e-m+fp/hard/crt0.o (exit)
/opt/st/stm32cubeide_1.15.0/plugins/com.st.stm32cube.ide.mcu.externaltools.gnu-tools-for-stm32.12.3.rel1.linux64_1.0.100.202403111256/tools/bin/../lib/gcc/arm-none-eabi/12.3.1/../../../../arm-none-eabi/lib/thumb/v7e-m+fp/hard/libc_nano.a(libc_a-findfp.o)
                              /opt/st/stm32cubeide_1.15.0/plugins/com.st.stm32cube.ide.mcu.externaltools.gnu-tools-for-stm32.12.3.rel1.linux64_1.0.100.202403111256/tools/bin/../lib/gcc/arm-none-eabi/12.3.1/../../../../arm-none-eabi/lib/thumb/v7e-m+fp/hard/libc_nano.a(libc_a-exit.o) (__stdio_exit_handler)
/opt/st/stm32cubeide_1.15.0/plugins/com.st.stm32cube.ide.mcu.externaltools.gnu-tools-for-stm32.12.3.rel1.linux64_1.0.100.202403111256/tools/bin/../lib/gcc/arm-none-eabi/12.3.1/../../../../arm-none-eabi/lib/thumb/v7e-m+fp/hard/libc_nano.a(libc_a-fwalk.o)
                              /opt/st/stm32cubeide_1.15.0/plugins/com.st.stm32cube.ide.mcu.externaltools.gnu-tools-for-stm32.12.3.rel1.linux64_1.0.100.202403111256/tools/bin/../lib/gcc/arm-none-eabi/12.3.1/../../../../arm-none-eabi/lib/thumb/v7e-m+fp/hard/libc_nano.a(libc_a-findfp.o) (_fwalk_sglue)
/opt/st/stm32cubeide_1.15.0/plugins/com.st.stm32cube.ide.mcu.externaltools.gnu-tools-for-stm32.12.3.rel1.linux64_1.0.100.202403111256/tools/bin/../lib/gcc/arm-none-eabi/12.3.1/../../../../arm-none-eabi/lib/thumb/v7e-m+fp/hard/libc_nano.a(libc_a-stdio.o)
                              /opt/st/stm32cubeide_1.15.0/plugins/com.st.stm32cube.ide.mcu.externaltools.gnu-tools-for-stm32.12.3.rel1.linux64_1.0.100.202403111256/tools/bin/../lib/gcc/arm-none-eabi/12.3.1/../../../../arm-none-eabi/lib/thumb/v7e-m+fp/hard/libc_nano.a(libc_a-findfp.o) (__sread)
/opt/st/stm32cubeide_1.15.0/plugins/com.st.stm32cube.ide.mcu.externaltools.gnu-tools-for-stm32.12.3.rel1.linux64_1.0.100.202403111256/tools/bin/../lib/gcc/arm-none-eabi/12.3.1/../../../../arm-none-eabi/lib/thumb/v7e-m+fp/hard/libc_nano.a(libc_a-memset.o)
                              /opt/st/stm32cubeide_1.15.0/plugins/com.st.stm32cube.ide.mcu.externaltools.gnu-tools-for-stm32.12.3.rel1.linux64_1.0.100.202403111256/tools/bin/../lib/gcc/arm-none-eabi/12.3.1/../../../../arm-none-eabi/lib/thumb/v7e-m+fp/hard/crt0.o (memset)
/opt/st/stm32cubeide_1.15.0/plugins/com.st.stm32cube.ide.mcu.externaltools.gnu-tools-for-stm32.12.3.rel1.linux64_1.0.100.202403111256/tools/bin/../lib/gcc/arm-none-eabi/12.3.1/../../../../arm-none-eabi/lib/thumb/v7e-m+fp/hard/libc_nano.a(libc_a-strncmp.o)
                              ./Core/Src/usbd_cdc_if.o (strncmp)
/opt/st/stm32cubeide_1.15.0/plugins/com.st.stm32cube.ide.mcu.externaltools.gnu-tools-for-stm32.12.3.rel1.linux64_1.0.100.202403111256/tools/bin/../lib/gcc/arm-none-eabi/12.3.1/../../../../arm-none-eabi/lib/thumb/v7e-m+fp/hard/libc_nano.a(libc_a-closer.o)
                              /opt/st/stm32cubeide_1.15.0/plugins/com.st.stm32cube.ide.mcu.externaltools.gnu-tools-for-stm32.12.3.rel1.linux64_1.0.100.202403111256/tools/bin/../lib/gcc/arm-none-eabi/12.3.1/../../../../arm-none-eabi/lib/thumb/v7e-m+fp/hard/libc_nano.a(libc_a-stdio.o) (_close_r)
/opt/st/stm32cubeide_1.15.0/plugins/com.st.stm32cube.ide.mcu.externaltools.gnu-tools-for-stm32.12.3.rel1.linux64_1.0.100.202403111256/tools/bin/../lib/gcc/arm-none-eabi/12.3.1/../../../../arm-none-eabi/lib/thumb/v7e-m+fp/hard/libc_nano.a(libc_a-reent.o)
                              /opt/st/stm32cubeide_1.15.0/plugins/com.st.stm32cube.ide.mcu.externaltools.gnu-tools-for-stm32.12.3.rel1.linux64_1.0.100.202403111256/tools/bin/../lib/gcc/arm-none-eabi/12.3.1/../../../../arm-none-eabi/lib/thumb/v7e-m+fp/hard/libc_nano.a(libc_a-closer.o) (errno)
/opt/st/stm32cubeide_1.15.0/plugins/com.st.stm32cube.ide.mcu.externaltools.gnu-tools-for-stm32.12.3.rel1.linux64_1.0.100.202403111256/tools/bin/../lib/gcc/arm-none-eabi/12.3.1/../../../../arm-none-eabi/lib/thumb/v7e-m+fp/hard/libc_nano.a(libc_a-impure.o)
                              /opt/st/stm32cubeide_1.15.0/plugins/com.st.stm32cube.ide.mcu.externaltools.gnu-tools-for-stm32.12.3.rel1.linux64_1.0.100.202403111256/tools/bin/../lib/gcc/arm-none-eabi/12.3.1/../../../../arm-none-eabi/lib/thumb/v7e-m+fp/hard/libc_nano.a(libc_a-reent.o) (_impure_ptr)
[...]
Memory Configuration

Name             Origin             Length             Attributes
CCMRAM           0x10000000         0x00010000         xrw
RAM              0x20000000         0x00020000         xrw
FLASH            0x08000000         0x00100000         xr
*default*        0x00000000         0xffffffff

Linker script and memory map

LOAD /opt/st/stm32cubeide_1.15.0/plugins/com.st.stm32cube.ide.mcu.externaltools.gnu-tools-for-stm32.12.3.rel1.linux64_1.0.100.202403111256/tools/bin/../lib/gcc/arm-none-eabi/12.3.1/thumb/v7e-m+fp/hard/crti.o
LOAD /opt/st/stm32cubeide_1.15.0/plugins/com.st.stm32cube.ide.mcu.externaltools.gnu-tools-for-stm32.12.3.rel1.linux64_1.0.100.202403111256/tools/bin/../lib/gcc/arm-none-eabi/12.3.1/thumb/v7e-m+fp/hard/crtbegin.o
LOAD /opt/st/stm32cubeide_1.15.0/plugins/com.st.stm32cube.ide.mcu.externaltools.gnu-tools-for-stm32.12.3.rel1.linux64_1.0.100.202403111256/tools/bin/../lib/gcc/arm-none-eabi/12.3.1/../../../../arm-none-eabi/lib/thumb/v7e-m+fp/hard/crt0.o
LOAD ./Core/Src/main.o
LOAD ./Core/Src/stm32f4xx_hal_msp.o
LOAD ./Core/Src/stm32f4xx_it.o
LOAD ./Core/Src/syscalls.o
LOAD ./Core/Src/sysmem.o
LOAD ./Core/Src/system_stm32f4xx.o
LOAD ./Core/Src/usb_device.o
LOAD ./Core/Src/usbd_cdc_if.o
LOAD ./Core/Src/usbd_conf.o
LOAD ./Core/Src/usbd_desc.o
LOAD ./Core/Startup/startup_stm32f407vgtx.o
LOAD ./Drivers/STM32F4xx_HAL_Driver/Src/stm32f4xx_hal.o
LOAD ./Drivers/STM32F4xx_HAL_Driver/Src/stm32f4xx_hal_adc.o
LOAD ./Drivers/STM32F4xx_HAL_Driver/Src/stm32f4xx_hal_adc_ex.o
LOAD ./Drivers/STM32F4xx_HAL_Driver/Src/stm32f4xx_hal_cortex.o
LOAD ./Drivers/STM32F4xx_HAL_Driver/Src/stm32f4xx_hal_dma.o
LOAD ./Drivers/STM32F4xx_HAL_Driver/Src/stm32f4xx_hal_dma_ex.o
LOAD ./Drivers/STM32F4xx_HAL_Driver/Src/stm32f4xx_hal_exti.o
LOAD ./Drivers/STM32F4xx_HAL_Driver/Src/stm32f4xx_hal_flash.o
LOAD ./Drivers/STM32F4xx_HAL_Driver/Src/stm32f4xx_hal_flash_ex.o
LOAD ./Drivers/STM32F4xx_HAL_Driver/Src/stm32f4xx_hal_flash_ramfunc.o
LOAD ./Drivers/STM32F4xx_HAL_Driver/Src/stm32f4xx_hal_gpio.o
LOAD ./Drivers/STM32F4xx_HAL_Driver/Src/stm32f4xx_hal_pcd.o
LOAD ./Drivers/STM32F4xx_HAL_Driver/Src/stm32f4xx_hal_pcd_ex.o
LOAD ./Drivers/STM32F4xx_HAL_Driver/Src/stm32f4xx_hal_pwr.o
LOAD ./Drivers/STM32F4xx_HAL_Driver/Src/stm32f4xx_hal_pwr_ex.o
LOAD ./Drivers/STM32F4xx_HAL_Driver/Src/stm32f4xx_hal_rcc.o
LOAD ./Drivers/STM32F4xx_HAL_Driver/Src/stm32f4xx_hal_rcc_ex.o
LOAD ./Drivers/STM32F4xx_HAL_Driver/Src/stm32f4xx_hal_tim.o
LOAD ./Drivers/STM32F4xx_HAL_Driver/Src/stm32f4xx_hal_tim_ex.o
LOAD ./Drivers/STM32F4xx_HAL_Driver/Src/stm32f4xx_ll_adc.o
LOAD ./Drivers/STM32F4xx_HAL_Driver/Src/stm32f4xx_ll_usb.o
LOAD ./Middlewares/ST/STM32_USB_Device_Library/Class/CDC/Src/usbd_cdc.o
LOAD ./Middlewares/ST/STM32_USB_Device_Library/Core/Src/usbd_core.o
LOAD ./Middlewares/ST/STM32_USB_Device_Library/Core/Src/usbd_ctlreq.o
LOAD ./Middlewares/ST/STM32_USB_Device_Library/Core/Src/usbd_ioreq.o
START GROUP
LOAD /opt/st/stm32cubeide_1.15.0/plugins/com.st.stm32cube.ide.mcu.externaltools.gnu-tools-for-stm32.12.3.rel1.linux64_1.0.100.202403111256/tools/bin/../lib/gcc/arm-none-eabi/12.3.1/../../../../arm-none-eabi/lib/thumb/v7e-m+fp/hard/libc_nano.a
LOAD /opt/st/stm32cubeide_1.15.0/plugins/com.st.stm32cube.ide.mcu.externaltools.gnu-tools-for-stm32.12.3.rel1.linux64_1.0.100.202403111256/tools/bin/../lib/gcc/arm-none-eabi/12.3.1/../../../../arm-none-eabi/lib/thumb/v7e-m+fp/hard/libm.a
END GROUP
START GROUP
LOAD /opt/st/stm32cubeide_1.15.0/plugins/com.st.stm32cube.ide.mcu.externaltools.gnu-tools-for-stm32.12.3.rel1.linux64_1.0.100.202403111256/tools/bin/../lib/gcc/arm-none-eabi/12.3.1/thumb/v7e-m+fp/hard/libgcc.a
LOAD /opt/st/stm32cubeide_1.15.0/plugins/com.st.stm32cube.ide.mcu.externaltools.gnu-tools-for-stm32.12.3.rel1.linux64_1.0.100.202403111256/tools/bin/../lib/gcc/arm-none-eabi/12.3.1/../../../../arm-none-eabi/lib/thumb/v7e-m+fp/hard/libc_nano.a
END GROUP
START GROUP
LOAD /opt/st/stm32cubeide_1.15.0/plugins/com.st.stm32cube.ide.mcu.externaltools.gnu-tools-for-stm32.12.3.rel1.linux64_1.0.100.202403111256/tools/bin/../lib/gcc/arm-none-eabi/12.3.1/thumb/v7e-m+fp/hard/libgcc.a
LOAD /opt/st/stm32cubeide_1.15.0/plugins/com.st.stm32cube.ide.mcu.externaltools.gnu-tools-for-stm32.12.3.rel1.linux64_1.0.100.202403111256/tools/bin/../lib/gcc/arm-none-eabi/12.3.1/../../../../arm-none-eabi/lib/thumb/v7e-m+fp/hard/libc_nano.a
LOAD /opt/st/stm32cubeide_1.15.0/plugins/com.st.stm32cube.ide.mcu.externaltools.gnu-tools-for-stm32.12.3.rel1.linux64_1.0.100.202403111256/tools/bin/../lib/gcc/arm-none-eabi/12.3.1/../../../../arm-none-eabi/lib/thumb/v7e-m+fp/hard/libnosys.a
END GROUP
START GROUP
LOAD /opt/st/stm32cubeide_1.15.0/plugins/com.st.stm32cube.ide.mcu.externaltools.gnu-tools-for-stm32.12.3.rel1.linux64_1.0.100.202403111256/tools/bin/../lib/gcc/arm-none-eabi/12.3.1/thumb/v7e-m+fp/hard/libgcc.a
LOAD /opt/st/stm32cubeide_1.15.0/plugins/com.st.stm32cube.ide.mcu.externaltools.gnu-tools-for-stm32.12.3.rel1.linux64_1.0.100.202403111256/tools/bin/../lib/gcc/arm-none-eabi/12.3.1/../../../../arm-none-eabi/lib/thumb/v7e-m+fp/hard/libc_nano.a
LOAD /opt/st/stm32cubeide_1.15.0/plugins/com.st.stm32cube.ide.mcu.externaltools.gnu-tools-for-stm32.12.3.rel1.linux64_1.0.100.202403111256/tools/bin/../lib/gcc/arm-none-eabi/12.3.1/../../../../arm-none-eabi/lib/thumb/v7e-m+fp/hard/libnosys.a
END GROUP
LOAD /opt/st/stm32cubeide_1.15.0/plugins/com.st.stm32cube.ide.mcu.externaltools.gnu-tools-for-stm32.12.3.rel1.linux64_1.0.100.202403111256/tools/bin/../lib/gcc/arm-none-eabi/12.3.1/thumb/v7e-m+fp/hard/crtend.o
LOAD /opt/st/stm32cubeide_1.15.0/plugins/com.st.stm32cube.ide.mcu.externaltools.gnu-tools-for-stm32.12.3.rel1.linux64_1.0.100.202403111256/tools/bin/../lib/gcc/arm-none-eabi/12.3.1/thumb/v7e-m+fp/hard/crtn.o
                0x20020000                        _estack = (ORIGIN (RAM) + LENGTH (RAM))
                0x00000200                        _Min_Heap_Size = 0x200
                0x00000400                        _Min_Stack_Size = 0x400

.isr_vector     0x08000000      0x188
                0x08000000                        . = ALIGN (0x4)
 *(.isr_vector)
 .isr_vector    0x08000000      0x188 ./Core/Startup/startup_stm32f407vgtx.o
                0x08000000                g_pfnVectors
                0x08000188                        . = ALIGN (0x4)

.text           0x08000188     0x86d4
                0x08000188                        . = ALIGN (0x4)
 *(.text)
 .text          0x08000188       0x40 /opt/st/stm32cubeide_1.15.0/plugins/com.st.stm32cube.ide.mcu.externaltools.gnu-tools-for-stm32.12.3.rel1.linux64_1.0.100.202403111256/tools/bin/../lib/gcc/arm-none-eabi/12.3.1/thumb/v7e-m+fp/hard/crtbegin.o
 .text          0x080001c8       0x30 /opt/st/stm32cubeide_1.15.0/plugins/com.st.stm32cube.ide.mcu.externaltools.gnu-tools-for-stm32.12.3.rel1.linux64_1.0.100.202403111256/tools/bin/../lib/gcc/arm-none-eabi/12.3.1/thumb/v7e-m+fp/hard/libgcc.a(_aeabi_uldivmod.o)
                0x080001c8                __aeabi_uldivmod
 .text          0x080001f8      0x2bc /opt/st/stm32cubeide_1.15.0/plugins/com.st.stm32cube.ide.mcu.externaltools.gnu-tools-for-stm32.12.3.rel1.linux64_1.0.100.202403111256/tools/bin/../lib/gcc/arm-none-eabi/12.3.1/thumb/v7e-m+fp/hard/libgcc.a(_udivmoddi4.o)
                0x080001f8                __udivmoddi4
 .text          0x080004b4        0x4 /opt/st/stm32cubeide_1.15.0/plugins/com.st.stm32cube.ide.mcu.externaltools.gnu-tools-for-stm32.12.3.rel1.linux64_1.0.100.202403111256/tools/bin/../lib/gcc/arm-none-eabi/12.3.1/thumb/v7e-m+fp/hard/libgcc.a(_dvmd_tls.o)
                0x080004b4                __aeabi_ldiv0
                0x080004b4                __aeabi_idiv0
 *(.text*)
 .text.main     0x080004b8       0x98 ./Core/Src/main.o
                0x080004b8                main
 .text.SystemClock_Config
                0x08000550       0xd4 ./Core/Src/main.o
                0x08000550                SystemClock_Config
 .text.MX_ADC1_Init
                0x08000624       0xa4 ./Core/Src/main.o
 .text.MX_TIM1_Init
                0x080006c8      0x140 ./Core/Src/main.o
 .text.MX_TIM2_Init
                0x08000808       0x98 ./Core/Src/main.o
 .text.MX_GPIO_Init
                0x080008a0       0x6c ./Core/Src/main.o
 .text.Error_Handler
                0x0800090c        0xc ./Core/Src/main.o
                0x0800090c                Error_Handler
 .text.HAL_MspInit
                0x08000918       0x50 ./Core/Src/stm32f4xx_hal_msp.o
                0x08000918                HAL_MspInit
 .text.HAL_ADC_MspInit
                0x08000968       0x88 ./Core/Src/stm32f4xx_hal_msp.o
                0x08000968                HAL_ADC_MspInit
 .text.HAL_TIM_Base_MspInit
                0x080009f0       0x78 ./Core/Src/stm32f4xx_hal_msp.o
                0x080009f0                HAL_TIM_Base_MspInit
 .text.HAL_TIM_MspPostInit
                0x08000a68       0x74 ./Core/Src/stm32f4xx_hal_msp.o
                0x08000a68                HAL_TIM_MspPostInit
 .text.NMI_Handler
                0x08000adc        0x8 ./Core/Src/stm32f4xx_it.o
                0x08000adc                NMI_Handler
 .text.HardFault_Handler
                0x08000ae4        0x8 ./Core/Src/stm32f4xx_it.o
                0x08000ae4                HardFault_Handler
 .text.MemManage_Handler
                0x08000aec        0x8 ./Core/Src/stm32f4xx_it.o
                0x08000aec                MemManage_Handler
 .text.BusFault_Handler
                0x08000af4        0x8 ./Core/Src/stm32f4xx_it.o
                0x08000af4                BusFault_Handler
 .text.UsageFault_Handler
                0x08000afc        0x8 ./Core/Src/stm32f4xx_it.o
                0x08000afc                UsageFault_Handler
 .text.SVC_Handler
                0x08000b04        0xe ./Core/Src/stm32f4xx_it.o
                0x08000b04                SVC_Handler
 .text.DebugMon_Handler
                0x08000b12        0xe ./Core/Src/stm32f4xx_it.o
                0x08000b12                DebugMon_Handler
 .text.SysTick_Handler
                0x08000b20        0xc ./Core/Src/stm32f4xx_it.o
                0x08000b20                SysTick_Handler
 .text.TIM2_IRQHandler
                0x08000b2c       0x14 ./Core/Src/stm32f4xx_it.o
                0x08000b2c                TIM2_IRQHandler
 .text.OTG_FS_IRQHandler
                0x08000b40       0x14 ./Core/Src/stm32f4xx_it.o
                0x08000b40                OTG_FS_IRQHandler
 .text.SystemInit
                0x08000b54       0x24 ./Core/Src/system_stm32f4xx.o
                0x08000b54                SystemInit
 .text.MX_USB_DEVICE_Init
                0x08000b78       0x60 ./Core/Src/usb_device.o
                0x08000b78                MX_USB_DEVICE_Init
 .text.CDC_Init_FS
                0x08000bd8       0x28 ./Core/Src/usbd_cdc_if.o
 .text.CDC_DeInit_FS
                0x08000c00       0x10 ./Core/Src/usbd_cdc_if.o
 .text.CDC_Control_FS
                0x08000c10       0xbc ./Core/Src/usbd_cdc_if.o
 .text.CDC_Receive_FS
                0x08000ccc       0x68 ./Core/Src/usbd_cdc_if.o
 .text.CDC_TransmitCplt_FS
                0x08000d34       0x22 ./Core/Src/usbd_cdc_if.o
 *fill*         0x08000d56        0x2 
 .text.HAL_PCD_MspInit
                0x08000d58       0xa8 ./Core/Src/usbd_conf.o
                0x08000d58                HAL_PCD_MspInit
 .text.HAL_PCD_SetupStageCallback
                0x08000e00       0x24 ./Core/Src/usbd_conf.o
                0x08000e00                HAL_PCD_SetupStageCallback
 .text.HAL_PCD_DataOutStageCallback
                0x08000e24       0x36 ./Core/Src/usbd_conf.o
                0x08000e24                HAL_PCD_DataOutStageCallback
 .text.HAL_PCD_DataInStageCallback
                0x08000e5a       0x34 ./Core/Src/usbd_conf.o
                0x08000e5a                HAL_PCD_DataInStageCallback
 .text.HAL_PCD_SOFCallback
                0x08000e8e       0x1c ./Core/Src/usbd_conf.o
                0x08000e8e                HAL_PCD_SOFCallback
 .text.HAL_PCD_ResetCallback
                0x08000eaa       0x50 ./Core/Src/usbd_conf.o
                0x08000eaa                HAL_PCD_ResetCallback
 *fill*         0x08000efa        0x2 
 .text.HAL_PCD_SuspendCallback
                0x08000efc       0x4c ./Core/Src/usbd_conf.o
                0x08000efc                HAL_PCD_SuspendCallback
 .text.HAL_PCD_ResumeCallback
                0x08000f48       0x1c ./Core/Src/usbd_conf.o
                0x08000f48                HAL_PCD_ResumeCallback
 .text.HAL_PCD_ISOOUTIncompleteCallback
                0x08000f64       0x24 ./Core/Src/usbd_conf.o
                0x08000f64                HAL_PCD_ISOOUTIncompleteCallback
 .text.HAL_PCD_ISOINIncompleteCallback
                0x08000f88       0x24 ./Core/Src/usbd_conf.o
                0x08000f88                HAL_PCD_ISOINIncompleteCallback
 .text.HAL_PCD_ConnectCallback
                0x08000fac       0x1c ./Core/Src/usbd_conf.o
                0x08000fac                HAL_PCD_ConnectCallback
 .text.HAL_PCD_DisconnectCallback
                0x08000fc8       0x1c ./Core/Src/usbd_conf.o
                0x08000fc8                HAL_PCD_DisconnectCallback
 .text.USBD_LL_Init
                0x08000fe4       0x98 ./Core/Src/usbd_conf.o
                0x08000fe4                USBD_LL_Init
 .text.USBD_LL_Start
                0x0800107c       0x36 ./Core/Src/usbd_conf.o
                0x0800107c                USBD_LL_Start
 .text.USBD_LL_OpenEP
                0x080010b2       0x4c ./Core/Src/usbd_conf.o
                0x080010b2                USBD_LL_OpenEP
 .text.USBD_LL_CloseEP
                0x080010fe       0x3e ./Core/Src/usbd_conf.o
                0x080010fe                USBD_LL_CloseEP
 .text.USBD_LL_StallEP
                0x0800113c       0x3e ./Core/Src/usbd_conf.o
                0x0800113c                USBD_LL_StallEP
 .text.USBD_LL_ClearStallEP
                0x0800117a       0x3e ./Core/Src/usbd_conf.o
                0x0800117a                USBD_LL_ClearStallEP
 .text.USBD_LL_IsStallEP
                0x080011b8       0x58 ./Core/Src/usbd_conf.o
                0x080011b8                USBD_LL_IsStallEP
 .text.USBD_LL_SetUSBAddress
                0x08001210       0x3e ./Core/Src/usbd_conf.o
                0x08001210                USBD_LL_SetUSBAddress
 .text.USBD_LL_Transmit
                0x0800124e       0x42 ./Core/Src/usbd_conf.o
                0x0800124e                USBD_LL_Transmit
 .text.USBD_LL_PrepareReceive
                0x08001290       0x42 ./Core/Src/usbd_conf.o
                0x08001290                USBD_LL_PrepareReceive
 .text.USBD_LL_GetRxDataSize
                0x080012d2       0x26 ./Core/Src/usbd_conf.o
                0x080012d2                USBD_LL_GetRxDataSize
 .text.USBD_static_malloc
                0x080012f8       0x1c ./Core/Src/usbd_conf.o
                0x080012f8                USBD_static_malloc
 .text.USBD_static_free
                0x08001314       0x14 ./Core/Src/usbd_conf.o
                0x08001314                USBD_static_free
 .text.USBD_Get_USB_Status
                0x08001328       0x58 ./Core/Src/usbd_conf.o
                0x08001328                USBD_Get_USB_Status
 .text.USBD_FS_DeviceDescriptor
                0x08001380       0x24 ./Core/Src/usbd_desc.o
                0x08001380                USBD_FS_DeviceDescriptor
 .text.USBD_FS_LangIDStrDescriptor
                0x080013a4       0x24 ./Core/Src/usbd_desc.o
                0x080013a4                USBD_FS_LangIDStrDescriptor
 .text.USBD_FS_ProductStrDescriptor
                0x080013c8       0x3c ./Core/Src/usbd_desc.o
                0x080013c8                USBD_FS_ProductStrDescriptor
 .text.USBD_FS_ManufacturerStrDescriptor
                0x08001404       0x28 ./Core/Src/usbd_desc.o
                0x08001404                USBD_FS_ManufacturerStrDescriptor
 .text.USBD_FS_SerialStrDescriptor
                0x0800142c       0x24 ./Core/Src/usbd_desc.o
                0x0800142c                USBD_FS_SerialStrDescriptor
 .text.USBD_FS_ConfigStrDescriptor
                0x08001450       0x3c ./Core/Src/usbd_desc.o
                0x08001450                USBD_FS_ConfigStrDescriptor
 .text.USBD_FS_InterfaceStrDescriptor
                0x0800148c       0x3c ./Core/Src/usbd_desc.o
                0x0800148c                USBD_FS_InterfaceStrDescriptor
 .text.Get_SerialNum
                0x080014c8       0x38 ./Core/Src/usbd_desc.o
 .text.IntToUnicode
                0x08001500       0x7e ./Core/Src/usbd_desc.o
 *fill*         0x0800157e        0x2 
 .text.Reset_Handler
                0x08001580       0x50 ./Core/Startup/startup_stm32f407vgtx.o
                0x08001580                Reset_Handler
 .text.Default_Handler
                0x080015d0        0x2 ./Core/Startup/startup_stm32f407vgtx.o
                0x080015d0                RTC_Alarm_IRQHandler
                0x080015d0                HASH_RNG_IRQHandler
                0x080015d0                EXTI2_IRQHandler
                0x080015d0                TIM8_CC_IRQHandler
                0x080015d0                TIM1_CC_IRQHandler
                0x080015d0                DMA2_Stream5_IRQHandler
                0x080015d0                DMA1_Stream5_IRQHandler
                0x080015d0                PVD_IRQHandler
                0x080015d0                SDIO_IRQHandler
                0x080015d0                TAMP_STAMP_IRQHandler
                0x080015d0                PendSV_Handler
                0x080015d0                CAN2_RX1_IRQHandler
                0x080015d0                EXTI3_IRQHandler
                0x080015d0                TIM8_TRG_COM_TIM14_IRQHandler
                0x080015d0                TIM1_UP_TIM10_IRQHandler
                0x080015d0                TIM8_UP_TIM13_IRQHandler
                0x080015d0                I2C3_ER_IRQHandler
                0x080015d0                EXTI0_IRQHandler
                0x080015d0                I2C2_EV_IRQHandler
                0x080015d0                DMA1_Stream2_IRQHandler
                0x080015d0                CAN1_RX0_IRQHandler
                0x080015d0                FPU_IRQHandler
                0x080015d0                OTG_HS_WKUP_IRQHandler
                0x080015d0                CAN2_SCE_IRQHandler
                0x080015d0                DMA2_Stream2_IRQHandler
                0x080015d0                SPI1_IRQHandler
                0x080015d0                TIM6_DAC_IRQHandler
                0x080015d0                TIM1_BRK_TIM9_IRQHandler
                0x080015d0                DCMI_IRQHandler
                0x080015d0                CAN2_RX0_IRQHandler
                0x080015d0                DMA2_Stream3_IRQHandler
                0x080015d0                USART6_IRQHandler
                0x080015d0                USART3_IRQHandler
                0x080015d0                CAN1_RX1_IRQHandler
                0x080015d0                UART5_IRQHandler
                0x080015d0                DMA2_Stream0_IRQHandler
                0x080015d0                TIM4_IRQHandler
                0x080015d0                I2C1_EV_IRQHandler
                0x080015d0                DMA1_Stream6_IRQHandler
                0x080015d0                DMA1_Stream1_IRQHandler
                0x080015d0                UART4_IRQHandler
                0x080015d0                TIM3_IRQHandler
                0x080015d0                RCC_IRQHandler
                0x080015d0                TIM8_BRK_TIM12_IRQHandler
                0x080015d0                Default_Handler
                0x080015d0                EXTI15_10_IRQHandler
                0x080015d0                ADC_IRQHandler
                0x080015d0                DMA1_Stream7_IRQHandler
                0x080015d0                TIM7_IRQHandler
                0x080015d0                CAN2_TX_IRQHandler
                0x080015d0                TIM5_IRQHandler
                0x080015d0                DMA2_Stream7_IRQHandler
                0x080015d0                I2C3_EV_IRQHandler
                0x080015d0                EXTI9_5_IRQHandler
                0x080015d0                RTC_WKUP_IRQHandler
                0x080015d0                ETH_WKUP_IRQHandler
                0x080015d0                SPI2_IRQHandler
                0x080015d0                OTG_HS_EP1_IN_IRQHandler
                0x080015d0                DMA1_Stream0_IRQHandler
                0x080015d0                CAN1_TX_IRQHandler
                0x080015d0                EXTI4_IRQHandler
                0x080015d0                FSMC_IRQHandler
                0x080015d0                ETH_IRQHandler
                0x080015d0                OTG_HS_EP1_OUT_IRQHandler
                0x080015d0                WWDG_IRQHandler
                0x080015d0                OTG_FS_WKUP_IRQHandler
                0x080015d0                TIM1_TRG_COM_TIM11_IRQHandler
                0x080015d0                OTG_HS_IRQHandler
                0x080015d0                EXTI1_IRQHandler
                0x080015d0                USART2_IRQHandler
                0x080015d0                I2C2_ER_IRQHandler
                0x080015d0                DMA2_Stream1_IRQHandler
                0x080015d0                CAN1_SCE_IRQHandler
                0x080015d0                FLASH_IRQHandler
                0x080015d0                DMA2_Stream4_IRQHandler
                0x080015d0                USART1_IRQHandler
                0x080015d0                SPI3_IRQHandler
                0x080015d0                DMA1_Stream4_IRQHandler
                0x080015d0                I2C1_ER_IRQHandler
                0x080015d0                DMA2_Stream6_IRQHandler
                0x080015d0                DMA1_Stream3_IRQHandler
 *fill*         0x080015d2        0x2 
 .text.HAL_Init
                0x080015d4       0x44 ./Drivers/STM32F4xx_HAL_Driver/Src/stm32f4xx_hal.o
                0x080015d4                HAL_Init
 .text.HAL_InitTick
                0x08001618       0x60 ./Drivers/STM32F4xx_HAL_Driver/Src/stm32f4xx_hal.o
                0x08001618                HAL_InitTick
 .text.HAL_IncTick
                0x08001678       0x28 ./Drivers/STM32F4xx_HAL_Driver/Src/stm32f4xx_hal.o
                0x08001678                HAL_IncTick
 .text.HAL_GetTick
                0x080016a0       0x18 ./Drivers/STM32F4xx_HAL_Driver/Src/stm32f4xx_hal.o
                0x080016a0                HAL_GetTick
 .text.HAL_Delay
                0x080016b8       0x48 ./Drivers/STM32F4xx_HAL_Driver/Src/stm32f4xx_hal.o
                0x080016b8                HAL_Delay
 .text.HAL_ADC_Init
                0x08001700       0x86 ./Drivers/STM32F4xx_HAL_Driver/Src/stm32f4xx_hal_adc.o
                0x08001700                HAL_ADC_Init
 *fill*         0x08001786        0x2 
 .text.HAL_ADC_Start
                0x08001788      0x1a4 ./Drivers/STM32F4xx_HAL_Driver/Src/stm32f4xx_hal_adc.o
                0x08001788                HAL_ADC_Start
 .text.HAL_ADC_Stop
                0x0800192c       0x66 ./Drivers/STM32F4xx_HAL_Driver/Src/stm32f4xx_hal_adc.o
                0x0800192c                HAL_ADC_Stop
 .text.HAL_ADC_PollForConversion
                0x08001992      0x116 ./Drivers/STM32F4xx_HAL_Driver/Src/stm32f4xx_hal_adc.o
                0x08001992                HAL_ADC_PollForConversion
 .text.HAL_ADC_GetValue
                0x08001aa8       0x1a ./Drivers/STM32F4xx_HAL_Driver/Src/stm32f4xx_hal_adc.o
                0x08001aa8                HAL_ADC_GetValue
 *fill*         0x08001ac2        0x2 
 .text.HAL_ADC_ConfigChannel
                0x08001ac4      0x244 ./Drivers/STM32F4xx_HAL_Driver/Src/stm32f4xx_hal_adc.o
                0x08001ac4                HAL_ADC_ConfigChannel
 .text.ADC_Init
                0x08001d08      0x1f8 ./Drivers/STM32F4xx_HAL_Driver/Src/stm32f4xx_hal_adc.o
 .text.__NVIC_SetPriorityGrouping
                0x08001f00       0x48 ./Drivers/STM32F4xx_HAL_Driver/Src/stm32f4xx_hal_cortex.o
 .text.__NVIC_GetPriorityGrouping
                0x08001f48       0x1c ./Drivers/STM32F4xx_HAL_Driver/Src/stm32f4xx_hal_cortex.o
 .text.__NVIC_EnableIRQ
                0x08001f64       0x3c ./Drivers/STM32F4xx_HAL_Driver/Src/stm32f4xx_hal_cortex.o
 .text.__NVIC_SetPriority
                0x08001fa0       0x54 ./Drivers/STM32F4xx_HAL_Driver/Src/stm32f4xx_hal_cortex.o
 .text.NVIC_EncodePriority
                0x08001ff4       0x66 ./Drivers/STM32F4xx_HAL_Driver/Src/stm32f4xx_hal_cortex.o
 *fill*         0x0800205a        0x2 
 .text.SysTick_Config
                0x0800205c       0x44 ./Drivers/STM32F4xx_HAL_Driver/Src/stm32f4xx_hal_cortex.o
 .text.HAL_NVIC_SetPriorityGrouping
                0x080020a0       0x16 ./Drivers/STM32F4xx_HAL_Driver/Src/stm32f4xx_hal_cortex.o
                0x080020a0                HAL_NVIC_SetPriorityGrouping
 .text.HAL_NVIC_SetPriority
                0x080020b6       0x38 ./Drivers/STM32F4xx_HAL_Driver/Src/stm32f4xx_hal_cortex.o
                0x080020b6                HAL_NVIC_SetPriority
 .text.HAL_NVIC_EnableIRQ
                0x080020ee       0x1c ./Drivers/STM32F4xx_HAL_Driver/Src/stm32f4xx_hal_cortex.o
                0x080020ee                HAL_NVIC_EnableIRQ
 .text.HAL_SYSTICK_Config
                0x0800210a       0x18 ./Drivers/STM32F4xx_HAL_Driver/Src/stm32f4xx_hal_cortex.o
                0x0800210a                HAL_SYSTICK_Config
 *fill*         0x08002122        0x2 
 .text.HAL_GPIO_Init
                0x08002124      0x338 ./Drivers/STM32F4xx_HAL_Driver/Src/stm32f4xx_hal_gpio.o
                0x08002124                HAL_GPIO_Init
 .text.HAL_PCD_Init
                0x0800245c      0x21e ./Drivers/STM32F4xx_HAL_Driver/Src/stm32f4xx_hal_pcd.o
                0x0800245c                HAL_PCD_Init
 .text.HAL_PCD_Start
                0x0800267a       0x6a ./Drivers/STM32F4xx_HAL_Driver/Src/stm32f4xx_hal_pcd.o
                0x0800267a                HAL_PCD_Start
 .text.HAL_PCD_IRQHandler
                0x080026e4      0x942 ./Drivers/STM32F4xx_HAL_Driver/Src/stm32f4xx_hal_pcd.o
                0x080026e4                HAL_PCD_IRQHandler
 .text.HAL_PCD_SetAddress
                0x08003026       0x48 ./Drivers/STM32F4xx_HAL_Driver/Src/stm32f4xx_hal_pcd.o
                0x08003026                HAL_PCD_SetAddress
 .text.HAL_PCD_EP_Open
                0x0800306e       0xd4 ./Drivers/STM32F4xx_HAL_Driver/Src/stm32f4xx_hal_pcd.o
                0x0800306e                HAL_PCD_EP_Open
 .text.HAL_PCD_EP_Close
                0x08003142       0x94 ./Drivers/STM32F4xx_HAL_Driver/Src/stm32f4xx_hal_pcd.o
                0x08003142                HAL_PCD_EP_Close
 .text.HAL_PCD_EP_Receive
                0x080031d6       0x76 ./Drivers/STM32F4xx_HAL_Driver/Src/stm32f4xx_hal_pcd.o
                0x080031d6                HAL_PCD_EP_Receive
 .text.HAL_PCD_EP_GetRxCount
                0x0800324c       0x30 ./Drivers/STM32F4xx_HAL_Driver/Src/stm32f4xx_hal_pcd.o
                0x0800324c                HAL_PCD_EP_GetRxCount
 .text.HAL_PCD_EP_Transmit
                0x0800327c       0x74 ./Drivers/STM32F4xx_HAL_Driver/Src/stm32f4xx_hal_pcd.o
                0x0800327c                HAL_PCD_EP_Transmit
 .text.HAL_PCD_EP_SetStall
                0x080032f0       0xc6 ./Drivers/STM32F4xx_HAL_Driver/Src/stm32f4xx_hal_pcd.o
                0x080032f0                HAL_PCD_EP_SetStall
 .text.HAL_PCD_EP_ClrStall
                0x080033b6       0xac ./Drivers/STM32F4xx_HAL_Driver/Src/stm32f4xx_hal_pcd.o
                0x080033b6                HAL_PCD_EP_ClrStall
 .text.HAL_PCD_EP_Abort
                0x08003462       0x62 ./Drivers/STM32F4xx_HAL_Driver/Src/stm32f4xx_hal_pcd.o
                0x08003462                HAL_PCD_EP_Abort
 .text.PCD_WriteEmptyTxFifo
                0x080034c4      0x118 ./Drivers/STM32F4xx_HAL_Driver/Src/stm32f4xx_hal_pcd.o
 .text.PCD_EP_OutXfrComplete_int
                0x080035dc      0x1d0 ./Drivers/STM32F4xx_HAL_Driver/Src/stm32f4xx_hal_pcd.o
 .text.PCD_EP_OutSetupPacket_int
                0x080037ac       0x8c ./Drivers/STM32F4xx_HAL_Driver/Src/stm32f4xx_hal_pcd.o
 .text.HAL_PCDEx_SetTxFiFo
                0x08003838       0x8e ./Drivers/STM32F4xx_HAL_Driver/Src/stm32f4xx_hal_pcd_ex.o
                0x08003838                HAL_PCDEx_SetTxFiFo
 .text.HAL_PCDEx_SetRxFiFo
                0x080038c6       0x22 ./Drivers/STM32F4xx_HAL_Driver/Src/stm32f4xx_hal_pcd_ex.o
                0x080038c6                HAL_PCDEx_SetRxFiFo
 .text.HAL_PCDEx_LPM_Callback
                0x080038e8       0x18 ./Drivers/STM32F4xx_HAL_Driver/Src/stm32f4xx_hal_pcd_ex.o
                0x080038e8                HAL_PCDEx_LPM_Callback
 .text.HAL_RCC_OscConfig
                0x08003900      0x4f0 ./Drivers/STM32F4xx_HAL_Driver/Src/stm32f4xx_hal_rcc.o
                0x08003900                HAL_RCC_OscConfig
 .text.HAL_RCC_ClockConfig
                0x08003df0      0x1cc ./Drivers/STM32F4xx_HAL_Driver/Src/stm32f4xx_hal_rcc.o
                0x08003df0                HAL_RCC_ClockConfig
 .text.HAL_RCC_GetSysClockFreq
                0x08003fbc      0x20c ./Drivers/STM32F4xx_HAL_Driver/Src/stm32f4xx_hal_rcc.o
                0x08003fbc                HAL_RCC_GetSysClockFreq
 .text.HAL_RCC_GetHCLKFreq
                0x080041c8       0x18 ./Drivers/STM32F4xx_HAL_Driver/Src/stm32f4xx_hal_rcc.o
                0x080041c8                HAL_RCC_GetHCLKFreq
 .text.HAL_TIM_Base_Init
                0x080041e0       0x9e ./Drivers/STM32F4xx_HAL_Driver/Src/stm32f4xx_hal_tim.o
                0x080041e0                HAL_TIM_Base_Init
 .text.HAL_TIM_PWM_Init
                0x0800427e       0x9e ./Drivers/STM32F4xx_HAL_Driver/Src/stm32f4xx_hal_tim.o
                0x0800427e                HAL_TIM_PWM_Init
 .text.HAL_TIM_PWM_MspInit
                0x0800431c       0x14 ./Drivers/STM32F4xx_HAL_Driver/Src/stm32f4xx_hal_tim.o
                0x0800431c                HAL_TIM_PWM_MspInit
 .text.HAL_TIM_PWM_Start
                0x08004330      0x190 ./Drivers/STM32F4xx_HAL_Driver/Src/stm32f4xx_hal_tim.o
                0x08004330                HAL_TIM_PWM_Start
 .text.HAL_TIM_IRQHandler
                0x080044c0      0x1e0 ./Drivers/STM32F4xx_HAL_Driver/Src/stm32f4xx_hal_tim.o
                0x080044c0                HAL_TIM_IRQHandler
 .text.HAL_TIM_PWM_ConfigChannel
                0x080046a0      0x184 ./Drivers/STM32F4xx_HAL_Driver/Src/stm32f4xx_hal_tim.o
                0x080046a0                HAL_TIM_PWM_ConfigChannel
 .text.HAL_TIM_ConfigClockSource
                0x08004824      0x18e ./Drivers/STM32F4xx_HAL_Driver/Src/stm32f4xx_hal_tim.o
                0x08004824                HAL_TIM_ConfigClockSource
 .text.HAL_TIM_PeriodElapsedCallback
                0x080049b2       0x14 ./Drivers/STM32F4xx_HAL_Driver/Src/stm32f4xx_hal_tim.o
                0x080049b2                HAL_TIM_PeriodElapsedCallback
 .text.HAL_TIM_OC_DelayElapsedCallback
                0x080049c6       0x14 ./Drivers/STM32F4xx_HAL_Driver/Src/stm32f4xx_hal_tim.o
                0x080049c6                HAL_TIM_OC_DelayElapsedCallback
 .text.HAL_TIM_IC_CaptureCallback
                0x080049da       0x14 ./Drivers/STM32F4xx_HAL_Driver/Src/stm32f4xx_hal_tim.o
                0x080049da                HAL_TIM_IC_CaptureCallback
 .text.HAL_TIM_PWM_PulseFinishedCallback
                0x080049ee       0x14 ./Drivers/STM32F4xx_HAL_Driver/Src/stm32f4xx_hal_tim.o
                0x080049ee                HAL_TIM_PWM_PulseFinishedCallback
 .text.HAL_TIM_TriggerCallback
                0x08004a02       0x14 ./Drivers/STM32F4xx_HAL_Driver/Src/stm32f4xx_hal_tim.o
                0x08004a02                HAL_TIM_TriggerCallback
 *fill*         0x08004a16        0x2 
 .text.TIM_Base_SetConfig
                0x08004a18      0x158 ./Drivers/STM32F4xx_HAL_Driver/Src/stm32f4xx_hal_tim.o
                0x08004a18                TIM_Base_SetConfig
 .text.TIM_OC1_SetConfig
                0x08004b70       0xe0 ./Drivers/STM32F4xx_HAL_Driver/Src/stm32f4xx_hal_tim.o
 .text.TIM_OC2_SetConfig
                0x08004c50       0xec ./Drivers/STM32F4xx_HAL_Driver/Src/stm32f4xx_hal_tim.o
                0x08004c50                TIM_OC2_SetConfig
 .text.TIM_OC3_SetConfig
                0x08004d3c       0xe8 ./Drivers/STM32F4xx_HAL_Driver/Src/stm32f4xx_hal_tim.o
 .text.TIM_OC4_SetConfig
                0x08004e24       0xac ./Drivers/STM32F4xx_HAL_Driver/Src/stm32f4xx_hal_tim.o
 .text.TIM_TI1_ConfigInputStage
                0x08004ed0       0x5e ./Drivers/STM32F4xx_HAL_Driver/Src/stm32f4xx_hal_tim.o
 .text.TIM_TI2_ConfigInputStage
                0x08004f2e       0x60 ./Drivers/STM32F4xx_HAL_Driver/Src/stm32f4xx_hal_tim.o
 .text.TIM_ITRx_SetConfig
                0x08004f8e       0x36 ./Drivers/STM32F4xx_HAL_Driver/Src/stm32f4xx_hal_tim.o
 .text.TIM_ETR_SetConfig
                0x08004fc4       0x40 ./Drivers/STM32F4xx_HAL_Driver/Src/stm32f4xx_hal_tim.o
                0x08004fc4                TIM_ETR_SetConfig
 .text.TIM_CCxChannelCmd
                0x08005004       0x4a ./Drivers/STM32F4xx_HAL_Driver/Src/stm32f4xx_hal_tim.o
                0x08005004                TIM_CCxChannelCmd
 *fill*         0x0800504e        0x2 
 .text.HAL_TIMEx_MasterConfigSynchronization
                0x08005050       0xf8 ./Drivers/STM32F4xx_HAL_Driver/Src/stm32f4xx_hal_tim_ex.o
                0x08005050                HAL_TIMEx_MasterConfigSynchronization
 .text.HAL_TIMEx_ConfigBreakDeadTime
                0x08005148       0xa4 ./Drivers/STM32F4xx_HAL_Driver/Src/stm32f4xx_hal_tim_ex.o
                0x08005148                HAL_TIMEx_ConfigBreakDeadTime
 .text.HAL_TIMEx_CommutCallback
                0x080051ec       0x14 ./Drivers/STM32F4xx_HAL_Driver/Src/stm32f4xx_hal_tim_ex.o
                0x080051ec                HAL_TIMEx_CommutCallback
 .text.HAL_TIMEx_BreakCallback
                0x08005200       0x14 ./Drivers/STM32F4xx_HAL_Driver/Src/stm32f4xx_hal_tim_ex.o
                0x08005200                HAL_TIMEx_BreakCallback
 .text.USB_CoreInit
                0x08005214       0xc8 ./Drivers/STM32F4xx_HAL_Driver/Src/stm32f4xx_ll_usb.o
                0x08005214                USB_CoreInit
 .text.USB_SetTurnaroundTime
                0x080052dc      0x144 ./Drivers/STM32F4xx_HAL_Driver/Src/stm32f4xx_ll_usb.o
                0x080052dc                USB_SetTurnaroundTime
 .text.USB_EnableGlobalInt
                0x08005420       0x22 ./Drivers/STM32F4xx_HAL_Driver/Src/stm32f4xx_ll_usb.o
                0x08005420                USB_EnableGlobalInt
 .text.USB_DisableGlobalInt
                0x08005442       0x22 ./Drivers/STM32F4xx_HAL_Driver/Src/stm32f4xx_ll_usb.o
                0x08005442                USB_DisableGlobalInt
 .text.USB_SetCurrentMode
                0x08005464       0x98 ./Drivers/STM32F4xx_HAL_Driver/Src/stm32f4xx_ll_usb.o
                0x08005464                USB_SetCurrentMode
 .text.USB_DevInit
                0x080054fc      0x2c8 ./Drivers/STM32F4xx_HAL_Driver/Src/stm32f4xx_ll_usb.o
                0x080054fc                USB_DevInit
 .text.USB_FlushTxFifo
                0x080057c4       0x64 ./Drivers/STM32F4xx_HAL_Driver/Src/stm32f4xx_ll_usb.o
                0x080057c4                USB_FlushTxFifo
 .text.USB_FlushRxFifo
                0x08005828       0x5c ./Drivers/STM32F4xx_HAL_Driver/Src/stm32f4xx_ll_usb.o
                0x08005828                USB_FlushRxFifo
 .text.USB_SetDevSpeed
                0x08005884       0x32 ./Drivers/STM32F4xx_HAL_Driver/Src/stm32f4xx_ll_usb.o
                0x08005884                USB_SetDevSpeed
 .text.USB_GetDevSpeed
                0x080058b6       0x4a ./Drivers/STM32F4xx_HAL_Driver/Src/stm32f4xx_ll_usb.o
                0x080058b6                USB_GetDevSpeed
 .text.USB_ActivateEndpoint
                0x08005900      0x10e ./Drivers/STM32F4xx_HAL_Driver/Src/stm32f4xx_ll_usb.o
                0x08005900                USB_ActivateEndpoint
 *fill*         0x08005a0e        0x2 
 .text.USB_DeactivateEndpoint
                0x08005a10      0x1b8 ./Drivers/STM32F4xx_HAL_Driver/Src/stm32f4xx_ll_usb.o
                0x08005a10                USB_DeactivateEndpoint
 .text.USB_EPStartXfer
                0x08005bc8      0x53c ./Drivers/STM32F4xx_HAL_Driver/Src/stm32f4xx_ll_usb.o
                0x08005bc8                USB_EPStartXfer
 .text.USB_EPStopXfer
                0x08006104      0x154 ./Drivers/STM32F4xx_HAL_Driver/Src/stm32f4xx_ll_usb.o
                0x08006104                USB_EPStopXfer
 .text.USB_WritePacket
                0x08006258       0x7c ./Drivers/STM32F4xx_HAL_Driver/Src/stm32f4xx_ll_usb.o
                0x08006258                USB_WritePacket
 .text.USB_ReadPacket
                0x080062d4       0xb0 ./Drivers/STM32F4xx_HAL_Driver/Src/stm32f4xx_ll_usb.o
                0x080062d4                USB_ReadPacket
 .text.USB_EPSetStall
                0x08006384       0xdc ./Drivers/STM32F4xx_HAL_Driver/Src/stm32f4xx_ll_usb.o
                0x08006384                USB_EPSetStall
 .text.USB_EPClearStall
                0x08006460       0xcc ./Drivers/STM32F4xx_HAL_Driver/Src/stm32f4xx_ll_usb.o
                0x08006460                USB_EPClearStall
 .text.USB_SetDevAddress
                0x0800652c       0x4c ./Drivers/STM32F4xx_HAL_Driver/Src/stm32f4xx_ll_usb.o
                0x0800652c                USB_SetDevAddress
 .text.USB_DevConnect
                0x08006578       0x42 ./Drivers/STM32F4xx_HAL_Driver/Src/stm32f4xx_ll_usb.o
                0x08006578                USB_DevConnect
 .text.USB_DevDisconnect
                0x080065ba       0x42 ./Drivers/STM32F4xx_HAL_Driver/Src/stm32f4xx_ll_usb.o
                0x080065ba                USB_DevDisconnect
 .text.USB_ReadInterrupts
                0x080065fc       0x26 ./Drivers/STM32F4xx_HAL_Driver/Src/stm32f4xx_ll_usb.o
                0x080065fc                USB_ReadInterrupts
 .text.USB_ReadDevAllOutEpInterrupt
                0x08006622       0x34 ./Drivers/STM32F4xx_HAL_Driver/Src/stm32f4xx_ll_usb.o
                0x08006622                USB_ReadDevAllOutEpInterrupt
 .text.USB_ReadDevAllInEpInterrupt
                0x08006656       0x34 ./Drivers/STM32F4xx_HAL_Driver/Src/stm32f4xx_ll_usb.o
                0x08006656                USB_ReadDevAllInEpInterrupt
 .text.USB_ReadDevOutEPInterrupt
                0x0800668a       0x3c ./Drivers/STM32F4xx_HAL_Driver/Src/stm32f4xx_ll_usb.o
                0x0800668a                USB_ReadDevOutEPInterrupt
 .text.USB_ReadDevInEPInterrupt
                0x080066c6       0x5c ./Drivers/STM32F4xx_HAL_Driver/Src/stm32f4xx_ll_usb.o
                0x080066c6                USB_ReadDevInEPInterrupt
 .text.USB_GetMode
                0x08006722       0x1c ./Drivers/STM32F4xx_HAL_Driver/Src/stm32f4xx_ll_usb.o
                0x08006722                USB_GetMode
 .text.USB_ActivateSetup
                0x0800673e       0x46 ./Drivers/STM32F4xx_HAL_Driver/Src/stm32f4xx_ll_usb.o
                0x0800673e                USB_ActivateSetup
 .text.USB_EP0_OutStart
                0x08006784       0xbc ./Drivers/STM32F4xx_HAL_Driver/Src/stm32f4xx_ll_usb.o
                0x08006784                USB_EP0_OutStart
 .text.USB_CoreReset
                0x08006840       0x62 ./Drivers/STM32F4xx_HAL_Driver/Src/stm32f4xx_ll_usb.o
 *fill*         0x080068a2        0x2 
 .text.USBD_CDC_Init
                0x080068a4      0x1f0 ./Middlewares/ST/STM32_USB_Device_Library/Class/CDC/Src/usbd_cdc.o
 .text.USBD_CDC_DeInit
                0x08006a94      0x104 ./Middlewares/ST/STM32_USB_Device_Library/Class/CDC/Src/usbd_cdc.o
 .text.USBD_CDC_Setup
                0x08006b98      0x1b8 ./Middlewares/ST/STM32_USB_Device_Library/Class/CDC/Src/usbd_cdc.o
 .text.USBD_CDC_DataIn
                0x08006d50       0xfe ./Middlewares/ST/STM32_USB_Device_Library/Class/CDC/Src/usbd_cdc.o
 .text.USBD_CDC_DataOut
                0x08006e4e       0x70 ./Middlewares/ST/STM32_USB_Device_Library/Class/CDC/Src/usbd_cdc.o
 .text.USBD_CDC_EP0_RxReady
                0x08006ebe       0x74 ./Middlewares/ST/STM32_USB_Device_Library/Class/CDC/Src/usbd_cdc.o
 *fill*         0x08006f32        0x2 
 .text.USBD_CDC_GetFSCfgDesc
                0x08006f34       0x70 ./Middlewares/ST/STM32_USB_Device_Library/Class/CDC/Src/usbd_cdc.o
 .text.USBD_CDC_GetHSCfgDesc
                0x08006fa4       0x70 ./Middlewares/ST/STM32_USB_Device_Library/Class/CDC/Src/usbd_cdc.o
 .text.USBD_CDC_GetOtherSpeedCfgDesc
                0x08007014       0x70 ./Middlewares/ST/STM32_USB_Device_Library/Class/CDC/Src/usbd_cdc.o
 .text.USBD_CDC_GetDeviceQualifierDescriptor
                0x08007084       0x20 ./Middlewares/ST/STM32_USB_Device_Library/Class/CDC/Src/usbd_cdc.o
                0x08007084                USBD_CDC_GetDeviceQualifierDescriptor
 .text.USBD_CDC_RegisterInterface
                0x080070a4       0x34 ./Middlewares/ST/STM32_USB_Device_Library/Class/CDC/Src/usbd_cdc.o
                0x080070a4                USBD_CDC_RegisterInterface
 .text.USBD_CDC_SetTxBuffer
                0x080070d8       0x44 ./Middlewares/ST/STM32_USB_Device_Library/Class/CDC/Src/usbd_cdc.o
                0x080070d8                USBD_CDC_SetTxBuffer
 .text.USBD_CDC_SetRxBuffer
                0x0800711c       0x3a ./Middlewares/ST/STM32_USB_Device_Library/Class/CDC/Src/usbd_cdc.o
                0x0800711c                USBD_CDC_SetRxBuffer
 *fill*         0x08007156        0x2 
 .text.USBD_CDC_ReceivePacket
                0x08007158       0x6c ./Middlewares/ST/STM32_USB_Device_Library/Class/CDC/Src/usbd_cdc.o
                0x08007158                USBD_CDC_ReceivePacket
 .text.USBD_Init
                0x080071c4       0x60 ./Middlewares/ST/STM32_USB_Device_Library/Core/Src/usbd_core.o
                0x080071c4                USBD_Init
 .text.USBD_RegisterClass
                0x08007224       0x6c ./Middlewares/ST/STM32_USB_Device_Library/Core/Src/usbd_core.o
                0x08007224                USBD_RegisterClass
 .text.USBD_Start
                0x08007290       0x18 ./Middlewares/ST/STM32_USB_Device_Library/Core/Src/usbd_core.o
                0x08007290                USBD_Start
 .text.USBD_RunTestMode
                0x080072a8       0x16 ./Middlewares/ST/STM32_USB_Device_Library/Core/Src/usbd_core.o
                0x080072a8                USBD_RunTestMode
 .text.USBD_SetClassConfig
                0x080072be       0x38 ./Middlewares/ST/STM32_USB_Device_Library/Core/Src/usbd_core.o
                0x080072be                USBD_SetClassConfig
 .text.USBD_ClrClassConfig
                0x080072f6       0x34 ./Middlewares/ST/STM32_USB_Device_Library/Core/Src/usbd_core.o
                0x080072f6                USBD_ClrClassConfig
 .text.USBD_LL_SetupStage
                0x0800732a       0xaa ./Middlewares/ST/STM32_USB_Device_Library/Core/Src/usbd_core.o
                0x0800732a                USBD_LL_SetupStage
 .text.USBD_LL_DataOutStage
                0x080073d4      0x166 ./Middlewares/ST/STM32_USB_Device_Library/Core/Src/usbd_core.o
                0x080073d4                USBD_LL_DataOutStage
 .text.USBD_LL_DataInStage
                0x0800753a      0x164 ./Middlewares/ST/STM32_USB_Device_Library/Core/Src/usbd_core.o
                0x0800753a                USBD_LL_DataInStage
 .text.USBD_LL_Reset
                0x0800769e       0xa4 ./Middlewares/ST/STM32_USB_Device_Library/Core/Src/usbd_core.o
                0x0800769e                USBD_LL_Reset
 .text.USBD_LL_SetSpeed
                0x08007742       0x20 ./Middlewares/ST/STM32_USB_Device_Library/Core/Src/usbd_core.o
                0x08007742                USBD_LL_SetSpeed
 .text.USBD_LL_Suspend
                0x08007762       0x38 ./Middlewares/ST/STM32_USB_Device_Library/Core/Src/usbd_core.o
                0x08007762                USBD_LL_Suspend
 .text.USBD_LL_Resume
                0x0800779a       0x30 ./Middlewares/ST/STM32_USB_Device_Library/Core/Src/usbd_core.o
                0x0800779a                USBD_LL_Resume
 .text.USBD_LL_SOF
                0x080077ca       0x40 ./Middlewares/ST/STM32_USB_Device_Library/Core/Src/usbd_core.o
                0x080077ca                USBD_LL_SOF
 .text.USBD_LL_IsoINIncomplete
                0x0800780a       0x64 ./Middlewares/ST/STM32_USB_Device_Library/Core/Src/usbd_core.o
                0x0800780a                USBD_LL_IsoINIncomplete
 .text.USBD_LL_IsoOUTIncomplete
                0x0800786e       0x64 ./Middlewares/ST/STM32_USB_Device_Library/Core/Src/usbd_core.o
                0x0800786e                USBD_LL_IsoOUTIncomplete
 .text.USBD_LL_DevConnected
                0x080078d2       0x16 ./Middlewares/ST/STM32_USB_Device_Library/Core/Src/usbd_core.o
                0x080078d2                USBD_LL_DevConnected
 .text.USBD_LL_DevDisconnected
                0x080078e8       0x46 ./Middlewares/ST/STM32_USB_Device_Library/Core/Src/usbd_core.o
                0x080078e8                USBD_LL_DevDisconnected
 .text.USBD_CoreFindIF
                0x0800792e       0x1a ./Middlewares/ST/STM32_USB_Device_Library/Core/Src/usbd_core.o
                0x0800792e                USBD_CoreFindIF
 .text.USBD_CoreFindEP
                0x08007948       0x1a ./Middlewares/ST/STM32_USB_Device_Library/Core/Src/usbd_core.o
                0x08007948                USBD_CoreFindEP
 .text.USBD_GetEpDesc
                0x08007962       0x70 ./Middlewares/ST/STM32_USB_Device_Library/Core/Src/usbd_core.o
                0x08007962                USBD_GetEpDesc
 .text.USBD_GetNextDesc
                0x080079d2       0x38 ./Middlewares/ST/STM32_USB_Device_Library/Core/Src/usbd_core.o
                0x080079d2                USBD_GetNextDesc
 .text.SWAPBYTE
                0x08007a0a       0x3c ./Middlewares/ST/STM32_USB_Device_Library/Core/Src/usbd_ctlreq.o
 *fill*         0x08007a46        0x2 
 .text.USBD_StdDevReq
                0x08007a48       0xe4 ./Middlewares/ST/STM32_USB_Device_Library/Core/Src/usbd_ctlreq.o
                0x08007a48                USBD_StdDevReq
 .text.USBD_StdItfReq
                0x08007b2c       0xd8 ./Middlewares/ST/STM32_USB_Device_Library/Core/Src/usbd_ctlreq.o
                0x08007b2c                USBD_StdItfReq
 .text.USBD_StdEPReq
                0x08007c04      0x33a ./Middlewares/ST/STM32_USB_Device_Library/Core/Src/usbd_ctlreq.o
                0x08007c04                USBD_StdEPReq
 *fill*         0x08007f3e        0x2 
 .text.USBD_GetDescriptor
                0x08007f40      0x2d4 ./Middlewares/ST/STM32_USB_Device_Library/Core/Src/usbd_ctlreq.o
 .text.USBD_SetAddress
                0x08008214       0x88 ./Middlewares/ST/STM32_USB_Device_Library/Core/Src/usbd_ctlreq.o
 .text.USBD_SetConfig
                0x0800829c      0x154 ./Middlewares/ST/STM32_USB_Device_Library/Core/Src/usbd_ctlreq.o
 .text.USBD_GetConfig
                0x080083f0       0x6c ./Middlewares/ST/STM32_USB_Device_Library/Core/Src/usbd_ctlreq.o
 .text.USBD_GetStatus
                0x0800845c       0x68 ./Middlewares/ST/STM32_USB_Device_Library/Core/Src/usbd_ctlreq.o
 .text.USBD_SetFeature
                0x080084c4       0x52 ./Middlewares/ST/STM32_USB_Device_Library/Core/Src/usbd_ctlreq.o
 .text.USBD_ClrFeature
                0x08008516       0x44 ./Middlewares/ST/STM32_USB_Device_Library/Core/Src/usbd_ctlreq.o
 .text.USBD_ParseSetupRequest
                0x0800855a       0x74 ./Middlewares/ST/STM32_USB_Device_Library/Core/Src/usbd_ctlreq.o
                0x0800855a                USBD_ParseSetupRequest
 .text.USBD_CtlError
                0x080085ce       0x22 ./Middlewares/ST/STM32_USB_Device_Library/Core/Src/usbd_ctlreq.o
                0x080085ce                USBD_CtlError
 .text.USBD_GetString
                0x080085f0       0xa4 ./Middlewares/ST/STM32_USB_Device_Library/Core/Src/usbd_ctlreq.o
                0x080085f0                USBD_GetString
 .text.USBD_GetLen
                0x08008694       0x34 ./Middlewares/ST/STM32_USB_Device_Library/Core/Src/usbd_ctlreq.o
 .text.USBD_CtlSendData
                0x080086c8       0x36 ./Middlewares/ST/STM32_USB_Device_Library/Core/Src/usbd_ioreq.o
                0x080086c8                USBD_CtlSendData
 .text.USBD_CtlContinueSendData
                0x080086fe       0x22 ./Middlewares/ST/STM32_USB_Device_Library/Core/Src/usbd_ioreq.o
                0x080086fe                USBD_CtlContinueSendData
 .text.USBD_CtlPrepareRx
                0x08008720       0x3a ./Middlewares/ST/STM32_USB_Device_Library/Core/Src/usbd_ioreq.o
                0x08008720                USBD_CtlPrepareRx
 .text.USBD_CtlContinueRx
                0x0800875a       0x22 ./Middlewares/ST/STM32_USB_Device_Library/Core/Src/usbd_ioreq.o
                0x0800875a                USBD_CtlContinueRx
 .text.USBD_CtlSendStatus
                0x0800877c       0x26 ./Middlewares/ST/STM32_USB_Device_Library/Core/Src/usbd_ioreq.o
                0x0800877c                USBD_CtlSendStatus
 .text.USBD_CtlReceiveStatus
                0x080087a2       0x26 ./Middlewares/ST/STM32_USB_Device_Library/Core/Src/usbd_ioreq.o
                0x080087a2                USBD_CtlReceiveStatus
 .text.memset   0x080087c8       0x10 /opt/st/stm32cubeide_1.15.0/plugins/com.st.stm32cube.ide.mcu.externaltools.gnu-tools-for-stm32.12.3.rel1.linux64_1.0.100.202403111256/tools/bin/../lib/gcc/arm-none-eabi/12.3.1/../../../../arm-none-eabi/lib/thumb/v7e-m+fp/hard/libc_nano.a(libc_a-memset.o)
                0x080087c8                memset
 .text.strncmp  0x080087d8       0x24 /opt/st/stm32cubeide_1.15.0/plugins/com.st.stm32cube.ide.mcu.externaltools.gnu-tools-for-stm32.12.3.rel1.linux64_1.0.100.202403111256/tools/bin/../lib/gcc/arm-none-eabi/12.3.1/../../../../arm-none-eabi/lib/thumb/v7e-m+fp/hard/libc_nano.a(libc_a-strncmp.o)
                0x080087d8                strncmp
 .text.__libc_init_array
                0x080087fc       0x48 /opt/st/stm32cubeide_1.15.0/plugins/com.st.stm32cube.ide.mcu.externaltools.gnu-tools-for-stm32.12.3.rel1.linux64_1.0.100.202403111256/tools/bin/../lib/gcc/arm-none-eabi/12.3.1/../../../../arm-none-eabi/lib/thumb/v7e-m+fp/hard/libc_nano.a(libc_a-init.o)
                0x080087fc                __libc_init_array
 *(.glue_7)
 .glue_7        0x08008844        0x0 linker stubs
 *(.glue_7t)
 .glue_7t       0x08008844        0x0 linker stubs
 *(.eh_frame)
 .eh_frame      0x08008844        0x0 /opt/st/stm32cubeide_1.15.0/plugins/com.st.stm32cube.ide.mcu.externaltools.gnu-tools-for-stm32.12.3.rel1.linux64_1.0.100.202403111256/tools/bin/../lib/gcc/arm-none-eabi/12.3.1/thumb/v7e-m+fp/hard/crtbegin.o
 *(.init)
 .init          0x08008844        0x4 /opt/st/stm32cubeide_1.15.0/plugins/com.st.stm32cube.ide.mcu.externaltools.gnu-tools-for-stm32.12.3.rel1.linux64_1.0.100.202403111256/tools/bin/../lib/gcc/arm-none-eabi/12.3.1/thumb/v7e-m+fp/hard/crti.o
                0x08008844                _init
 .init          0x08008848        0x8 /opt/st/stm32cubeide_1.15.0/plugins/com.st.stm32cube.ide.mcu.externaltools.gnu-tools-for-stm32.12.3.rel1.linux64_1.0.100.202403111256/tools/bin/../lib/gcc/arm-none-eabi/12.3.1/thumb/v7e-m+fp/hard/crtn.o
 *(.fini)
 .fini          0x08008850        0x4 /opt/st/stm32cubeide_1.15.0/plugins/com.st.stm32cube.ide.mcu.externaltools.gnu-tools-for-stm32.12.3.rel1.linux64_1.0.100.202403111256/tools/bin/../lib/gcc/arm-none-eabi/12.3.1/thumb/v7e-m+fp/hard/crti.o
                0x08008850                _fini
 .fini          0x08008854        0x8 /opt/st/stm32cubeide_1.15.0/plugins/com.st.stm32cube.ide.mcu.externaltools.gnu-tools-for-stm32.12.3.rel1.linux64_1.0.100.202403111256/tools/bin/../lib/gcc/arm-none-eabi/12.3.1/thumb/v7e-m+fp/hard/crtn.o
                0x0800885c                        . = ALIGN (0x4)
                0x0800885c                        _etext = .

.vfp11_veneer   0x0800885c        0x0
 .vfp11_veneer  0x0800885c        0x0 linker stubs

.v4_bx          0x0800885c        0x0
 .v4_bx         0x0800885c        0x0 linker stubs

.iplt           0x0800885c        0x0
 .iplt          0x0800885c        0x0 /opt/st/stm32cubeide_1.15.0/plugins/com.st.stm32cube.ide.mcu.externaltools.gnu-tools-for-stm32.12.3.rel1.linux64_1.0.100.202403111256/tools/bin/../lib/gcc/arm-none-eabi/12.3.1/thumb/v7e-m+fp/hard/crtbegin.o

.rodata         0x0800885c       0x68
                0x0800885c                        . = ALIGN (0x4)
 *(.rodata)
 .rodata        0x0800885c       0x10 ./Core/Src/usbd_cdc_if.o
 .rodata        0x0800886c       0x46 ./Core/Src/usbd_desc.o
 *(.rodata*)
 *fill*         0x080088b2        0x2 
 .rodata.AHBPrescTable
                0x080088b4       0x10 ./Core/Src/system_stm32f4xx.o
                0x080088b4                AHBPrescTable
                0x080088c4                        . = ALIGN (0x4)

.ARM.extab      0x080088c4        0x0
                0x080088c4                        . = ALIGN (0x4)
 *(.ARM.extab* .gnu.linkonce.armextab.*)
                0x080088c4                        . = ALIGN (0x4)

.ARM            0x080088c4        0x8
                0x080088c4                        . = ALIGN (0x4)
                0x080088c4                        __exidx_start = .
 *(.ARM.exidx*)
 .ARM.exidx     0x080088c4        0x8 /opt/st/stm32cubeide_1.15.0/plugins/com.st.stm32cube.ide.mcu.externaltools.gnu-tools-for-stm32.12.3.rel1.linux64_1.0.100.202403111256/tools/bin/../lib/gcc/arm-none-eabi/12.3.1/thumb/v7e-m+fp/hard/libgcc.a(_udivmoddi4.o)
                0x080088cc                        __exidx_end = .
                0x080088cc                        . = ALIGN (0x4)

.preinit_array  0x080088cc        0x0
                0x080088cc                        . = ALIGN (0x4)
                0x080088cc                        PROVIDE (__preinit_array_start = .)
 *(.preinit_array*)
                0x080088cc                        PROVIDE (__preinit_array_end = .)
                0x080088cc                        . = ALIGN (0x4)

.init_array     0x080088cc        0x4
                0x080088cc                        . = ALIGN (0x4)
                0x080088cc                        PROVIDE (__init_array_start = .)
 *(SORT_BY_NAME(.init_array.*))
 *(.init_array*)
 .init_array    0x080088cc        0x4 /opt/st/stm32cubeide_1.15.0/plugins/com.st.stm32cube.ide.mcu.externaltools.gnu-tools-for-stm32.12.3.rel1.linux64_1.0.100.202403111256/tools/bin/../lib/gcc/arm-none-eabi/12.3.1/thumb/v7e-m+fp/hard/crtbegin.o
                0x080088d0                        PROVIDE (__init_array_end = .)
                0x080088d0                        . = ALIGN (0x4)

.fini_array     0x080088d0        0x4
                0x080088d0                        . = ALIGN (0x4)
                [!provide]                        PROVIDE (__fini_array_start = .)
 *(SORT_BY_NAME(.fini_array.*))
 *(.fini_array*)
 .fini_array    0x080088d0        0x4 /opt/st/stm32cubeide_1.15.0/plugins/com.st.stm32cube.ide.mcu.externaltools.gnu-tools-for-stm32.12.3.rel1.linux64_1.0.100.202403111256/tools/bin/../lib/gcc/arm-none-eabi/12.3.1/thumb/v7e-m+fp/hard/crtbegin.o
                [!provide]                        PROVIDE (__fini_array_end = .)
                0x080088d4                        . = ALIGN (0x4)
                0x080088d4                        _sidata = LOADADDR (.data)

.rel.dyn        0x080088d4        0x0
 .rel.iplt      0x080088d4        0x0 /opt/st/stm32cubeide_1.15.0/plugins/com.st.stm32cube.ide.mcu.externaltools.gnu-tools-for-stm32.12.3.rel1.linux64_1.0.100.202403111256/tools/bin/../lib/gcc/arm-none-eabi/12.3.1/thumb/v7e-m+fp/hard/crtbegin.o

.data           0x20000000       0xfc load address 0x080088d4
                0x20000000                        . = ALIGN (0x4)
                0x20000000                        _sdata = .
 *(.data)
 *(.data*)
 .data.SystemCoreClock
                0x20000000        0x4 ./Core/Src/system_stm32f4xx.o
                0x20000000                SystemCoreClock
 .data.USBD_Interface_fops_FS
                0x20000004       0x14 ./Core/Src/usbd_cdc_if.o
                0x20000004                USBD_Interface_fops_FS
 .data.FS_Desc  0x20000018       0x1c ./Core/Src/usbd_desc.o
                0x20000018                FS_Desc
 .data.USBD_FS_DeviceDesc
                0x20000034       0x12 ./Core/Src/usbd_desc.o
                0x20000034                USBD_FS_DeviceDesc
 *fill*         0x20000046        0x2 
 .data.USBD_LangIDDesc
                0x20000048        0x4 ./Core/Src/usbd_desc.o
                0x20000048                USBD_LangIDDesc
 .data.USBD_StringSerial
                0x2000004c       0x1a ./Core/Src/usbd_desc.o
                0x2000004c                USBD_StringSerial
 *fill*         0x20000066        0x2 
 .data.uwTickPrio
                0x20000068        0x4 ./Drivers/STM32F4xx_HAL_Driver/Src/stm32f4xx_hal.o
                0x20000068                uwTickPrio
 .data.uwTickFreq
                0x2000006c        0x1 ./Drivers/STM32F4xx_HAL_Driver/Src/stm32f4xx_hal.o
                0x2000006c                uwTickFreq
 *fill*         0x2000006d        0x3 
 .data.USBD_CDC_DeviceQualifierDesc
                0x20000070        0xa ./Middlewares/ST/STM32_USB_Device_Library/Class/CDC/Src/usbd_cdc.o
 *fill*         0x2000007a        0x2 
 .data.USBD_CDC
                0x2000007c       0x38 ./Middlewares/ST/STM32_USB_Device_Library/Class/CDC/Src/usbd_cdc.o
                0x2000007c                USBD_CDC
 .data.USBD_CDC_CfgDesc
                0x200000b4       0x43 ./Middlewares/ST/STM32_USB_Device_Library/Class/CDC/Src/usbd_cdc.o
 .data.CDCInEpAdd
                0x200000f7        0x1 ./Middlewares/ST/STM32_USB_Device_Library/Class/CDC/Src/usbd_cdc.o
 .data.CDCOutEpAdd
                0x200000f8        0x1 ./Middlewares/ST/STM32_USB_Device_Library/Class/CDC/Src/usbd_cdc.o
 .data.CDCCmdEpAdd
                0x200000f9        0x1 ./Middlewares/ST/STM32_USB_Device_Library/Class/CDC/Src/usbd_cdc.o
 *(.RamFunc)
 *(.RamFunc*)
                0x200000fc                        . = ALIGN (0x4)
 *fill*         0x200000fa        0x2 
                0x200000fc                        _edata = .
                0x080089d0                        _siccmram = LOADADDR (.ccmram)

.igot.plt       0x200000fc        0x0 load address 0x080089d0
 .igot.plt      0x200000fc        0x0 /opt/st/stm32cubeide_1.15.0/plugins/com.st.stm32cube.ide.mcu.externaltools.gnu-tools-for-stm32.12.3.rel1.linux64_1.0.100.202403111256/tools/bin/../lib/gcc/arm-none-eabi/12.3.1/thumb/v7e-m+fp/hard/crtbegin.o

.ccmram         0x10000000        0x0 load address 0x080089d0
                0x10000000                        . = ALIGN (0x4)
                0x10000000                        _sccmram = .
 *(.ccmram)
 *(.ccmram*)
                0x10000000                        . = ALIGN (0x4)
                0x10000000                        _eccmram = .
                0x10000000                        . = ALIGN (0x4)

.bss            0x200000fc     0x1ce0
                0x200000fc                        _sbss = .
                0x200000fc                        __bss_start__ = _sbss
 *(.bss)
 .bss           0x200000fc       0x1c /opt/st/stm32cubeide_1.15.0/plugins/com.st.stm32cube.ide.mcu.externaltools.gnu-tools-for-stm32.12.3.rel1.linux64_1.0.100.202403111256/tools/bin/../lib/gcc/arm-none-eabi/12.3.1/thumb/v7e-m+fp/hard/crtbegin.o
 *(.bss*)
 .bss.hadc1     0x20000118       0x48 ./Core/Src/main.o
                0x20000118                hadc1
 .bss.htim1     0x20000160       0x48 ./Core/Src/main.o
                0x20000160                htim1
 .bss.htim2     0x200001a8       0x48 ./Core/Src/main.o
                0x200001a8                htim2
 .bss.hUsbDeviceFS
                0x200001f0      0x2dc ./Core/Src/usb_device.o
                0x200001f0                hUsbDeviceFS
 .bss.receive_flag
                0x200004cc        0x1 ./Core/Src/usbd_cdc_if.o
                0x200004cc                receive_flag
 *fill*         0x200004cd        0x3 
 .bss.UserRxBufferFS
                0x200004d0      0x800 ./Core/Src/usbd_cdc_if.o
                0x200004d0                UserRxBufferFS
 .bss.UserTxBufferFS
                0x20000cd0      0x800 ./Core/Src/usbd_cdc_if.o
                0x20000cd0                UserTxBufferFS
 .bss.hpcd_USB_OTG_FS
                0x200014d0      0x4e4 ./Core/Src/usbd_conf.o
                0x200014d0                hpcd_USB_OTG_FS
 .bss.mem.0     0x200019b4      0x220 ./Core/Src/usbd_conf.o
 .bss.USBD_StrDesc
                0x20001bd4      0x200 ./Core/Src/usbd_desc.o
                0x20001bd4                USBD_StrDesc
 .bss.uwTick    0x20001dd4        0x4 ./Drivers/STM32F4xx_HAL_Driver/Src/stm32f4xx_hal.o
                0x20001dd4                uwTick
 .bss.cfgidx.0  0x20001dd8        0x1 ./Middlewares/ST/STM32_USB_Device_Library/Core/Src/usbd_ctlreq.o
 *(COMMON)
                0x20001ddc                        . = ALIGN (0x4)
 *fill*         0x20001dd9        0x3 
                0x20001ddc                        _ebss = .
                0x20001ddc                        __bss_end__ = _ebss

._user_heap_stack
                0x20001ddc      0x604
                0x20001de0                        . = ALIGN (0x8)
 *fill*         0x20001ddc        0x4 
                [!provide]                        PROVIDE (end = .)
                0x20001de0                        PROVIDE (_end = .)
                0x20001fe0                        . = (. + _Min_Heap_Size)
 *fill*         0x20001de0      0x200 
                0x200023e0                        . = (. + _Min_Stack_Size)
 *fill*         0x20001fe0      0x400 
                0x200023e0                        . = ALIGN (0x8)

/DISCARD/
 libc.a(*)
 libm.a(*)
 libgcc.a(*)

.ARM.attributes
                0x00000000       0x30
 *(.ARM.attributes)
 .ARM.attributes
                0x00000000       0x22 /opt/st/stm32cubeide_1.15.0/plugins/com.st.stm32cube.ide.mcu.externaltools.gnu-tools-for-stm32.12.3.rel1.linux64_1.0.100.202403111256/tools/bin/../lib/gcc/arm-none-eabi/12.3.1/thumb/v7e-m+fp/hard/crti.o
 .ARM.attributes
                0x00000022       0x34 /opt/st/stm32cubeide_1.15.0/plugins/com.st.stm32cube.ide.mcu.externaltools.gnu-tools-for-stm32.12.3.rel1.linux64_1.0.100.202403111256/tools/bin/../lib/gcc/arm-none-eabi/12.3.1/thumb/v7e-m+fp/hard/crtbegin.o
 .ARM.attributes
                0x00000056       0x34 ./Core/Src/main.o
 .ARM.attributes
                0x0000008a       0x34 ./Core/Src/stm32f4xx_hal_msp.o
 .ARM.attributes
                0x000000be       0x34 ./Core/Src/stm32f4xx_it.o
 .ARM.attributes
                0x000000f2       0x34 ./Core/Src/system_stm32f4xx.o
 .ARM.attributes
                0x00000126       0x34 ./Core/Src/usb_device.o
 .ARM.attributes
                0x0000015a       0x34 ./Core/Src/usbd_cdc_if.o
 .ARM.attributes
                0x0000018e       0x34 ./Core/Src/usbd_conf.o
 .ARM.attributes
                0x000001c2       0x34 ./Core/Src/usbd_desc.o
 .ARM.attributes
                0x000001f6       0x21 ./Core/Startup/startup_stm32f407vgtx.o
 .ARM.attributes
                0x00000217       0x34 ./Drivers/STM32F4xx_HAL_Driver/Src/stm32f4xx_hal.o
 .ARM.attributes
                0x0000024b       0x34 ./Drivers/STM32F4xx_HAL_Driver/Src/stm32f4xx_hal_adc.o
 .ARM.attributes
                0x0000027f       0x34 ./Drivers/STM32F4xx_HAL_Driver/Src/stm32f4xx_hal_cortex.o
 .ARM.attributes
                0x000002b3       0x34 ./Drivers/STM32F4xx_HAL_Driver/Src/stm32f4xx_hal_gpio.o
 .ARM.attributes
                0x000002e7       0x34 ./Drivers/STM32F4xx_HAL_Driver/Src/stm32f4xx_hal_pcd.o
 .ARM.attributes
                0x0000031b       0x34 ./Drivers/STM32F4xx_HAL_Driver/Src/stm32f4xx_hal_pcd_ex.o
 .ARM.attributes
                0x0000034f       0x34 ./Drivers/STM32F4xx_HAL_Driver/Src/stm32f4xx_hal_rcc.o
 .ARM.attributes
                0x00000383       0x34 ./Drivers/STM32F4xx_HAL_Driver/Src/stm32f4xx_hal_tim.o
 .ARM.attributes
                0x000003b7       0x34 ./Drivers/STM32F4xx_HAL_Driver/Src/stm32f4xx_hal_tim_ex.o
 .ARM.attributes
                0x000003eb       0x34 ./Drivers/STM32F4xx_HAL_Driver/Src/stm32f4xx_ll_usb.o
 .ARM.attributes
                0x0000041f       0x34 ./Middlewares/ST/STM32_USB_Device_Library/Class/CDC/Src/usbd_cdc.o
 .ARM.attributes
                0x00000453       0x34 ./Middlewares/ST/STM32_USB_Device_Library/Core/Src/usbd_core.o
 .ARM.attributes
                0x00000487       0x34 ./Middlewares/ST/STM32_USB_Device_Library/Core/Src/usbd_ctlreq.o
 .ARM.attributes
                0x000004bb       0x34 ./Middlewares/ST/STM32_USB_Device_Library/Core/Src/usbd_ioreq.o
 .ARM.attributes
                0x000004ef       0x34 /opt/st/stm32cubeide_1.15.0/plugins/com.st.stm32cube.ide.mcu.externaltools.gnu-tools-for-stm32.12.3.rel1.linux64_1.0.100.202403111256/tools/bin/../lib/gcc/arm-none-eabi/12.3.1/../../../../arm-none-eabi/lib/thumb/v7e-m+fp/hard/libc_nano.a(libc_a-memset.o)
 .ARM.attributes
                0x00000523       0x34 /opt/st/stm32cubeide_1.15.0/plugins/com.st.stm32cube.ide.mcu.externaltools.gnu-tools-for-stm32.12.3.rel1.linux64_1.0.100.202403111256/tools/bin/../lib/gcc/arm-none-eabi/12.3.1/../../../../arm-none-eabi/lib/thumb/v7e-m+fp/hard/libc_nano.a(libc_a-strncmp.o)
 .ARM.attributes
                0x00000557       0x34 /opt/st/stm32cubeide_1.15.0/plugins/com.st.stm32cube.ide.mcu.externaltools.gnu-tools-for-stm32.12.3.rel1.linux64_1.0.100.202403111256/tools/bin/../lib/gcc/arm-none-eabi/12.3.1/../../../../arm-none-eabi/lib/thumb/v7e-m+fp/hard/libc_nano.a(libc_a-init.o)
 .ARM.attributes
                0x0000058b       0x22 /opt/st/stm32cubeide_1.15.0/plugins/com.st.stm32cube.ide.mcu.externaltools.gnu-tools-for-stm32.12.3.rel1.linux64_1.0.100.202403111256/tools/bin/../lib/gcc/arm-none-eabi/12.3.1/thumb/v7e-m+fp/hard/libgcc.a(_aeabi_uldivmod.o)
 .ARM.attributes
                0x000005ad       0x34 /opt/st/stm32cubeide_1.15.0/plugins/com.st.stm32cube.ide.mcu.externaltools.gnu-tools-for-stm32.12.3.rel1.linux64_1.0.100.202403111256/tools/bin/../lib/gcc/arm-none-eabi/12.3.1/thumb/v7e-m+fp/hard/libgcc.a(_udivmoddi4.o)
 .ARM.attributes
                0x000005e1       0x22 /opt/st/stm32cubeide_1.15.0/plugins/com.st.stm32cube.ide.mcu.externaltools.gnu-tools-for-stm32.12.3.rel1.linux64_1.0.100.202403111256/tools/bin/../lib/gcc/arm-none-eabi/12.3.1/thumb/v7e-m+fp/hard/libgcc.a(_dvmd_tls.o)
 .ARM.attributes
                0x00000603       0x22 /opt/st/stm32cubeide_1.15.0/plugins/com.st.stm32cube.ide.mcu.externaltools.gnu-tools-for-stm32.12.3.rel1.linux64_1.0.100.202403111256/tools/bin/../lib/gcc/arm-none-eabi/12.3.1/thumb/v7e-m+fp/hard/crtn.o
OUTPUT(project_of_usbdd.elf elf32-littlearm)
LOAD linker stubs
LOAD /opt/st/stm32cubeide_1.15.0/plugins/com.st.stm32cube.ide.mcu.externaltools.gnu-tools-for-stm32.12.3.rel1.linux64_1.0.100.202403111256/tools/bin/../lib/gcc/arm-none-eabi/12.3.1/../../../../arm-none-eabi/lib/thumb/v7e-m+fp/hard/libc.a
LOAD /opt/st/stm32cubeide_1.15.0/plugins/com.st.stm32cube.ide.mcu.externaltools.gnu-tools-for-stm32.12.3.rel1.linux64_1.0.100.202403111256/tools/bin/../lib/gcc/arm-none-eabi/12.3.1/../../../../arm-none-eabi/lib/thumb/v7e-m+fp/hard/libm.a
LOAD /opt/st/stm32cubeide_1.15.0/plugins/com.st.stm32cube.ide.mcu.externaltools.gnu-tools-for-stm32.12.3.rel1.linux64_1.0.100.202403111256/tools/bin/../lib/gcc/arm-none-eabi/12.3.1/thumb/v7e-m+fp/hard/libgcc.a

.debug_info     0x00000000    0x13dba
 .debug_info    0x00000000     0x11c3 ./Core/Src/main.o
 .debug_info    0x000011c3      0xfa1 ./Core/Src/stm32f4xx_hal_msp.o
 .debug_info    0x00002164      0xbad ./Core/Src/stm32f4xx_it.o
 .debug_info    0x00002d11      0x512 ./Core/Src/system_stm32f4xx.o
 .debug_info    0x00003223      0x701 ./Core/Src/usb_device.o
 .debug_info    0x00003924      0x950 ./Core/Src/usbd_cdc_if.o
 .debug_info    0x00004274     0x1c69 ./Core/Src/usbd_conf.o
 .debug_info    0x00005edd      0x458 ./Core/Src/usbd_desc.o
 .debug_info    0x00006335       0x30 ./Core/Startup/startup_stm32f407vgtx.o
 .debug_info    0x00006365      0x944 ./Drivers/STM32F4xx_HAL_Driver/Src/stm32f4xx_hal.o
 .debug_info    0x00006ca9      0xcd4 ./Drivers/STM32F4xx_HAL_Driver/Src/stm32f4xx_hal_adc.o
 .debug_info    0x0000797d      0xd8c ./Drivers/STM32F4xx_HAL_Driver/Src/stm32f4xx_hal_cortex.o
 .debug_info    0x00008709      0x6c3 ./Drivers/STM32F4xx_HAL_Driver/Src/stm32f4xx_hal_gpio.o
 .debug_info    0x00008dcc     0x156f ./Drivers/STM32F4xx_HAL_Driver/Src/stm32f4xx_hal_pcd.o
 .debug_info    0x0000a33b      0x6ea ./Drivers/STM32F4xx_HAL_Driver/Src/stm32f4xx_hal_pcd_ex.o
 .debug_info    0x0000aa25      0x8af ./Drivers/STM32F4xx_HAL_Driver/Src/stm32f4xx_hal_rcc.o
 .debug_info    0x0000b2d4     0x299d ./Drivers/STM32F4xx_HAL_Driver/Src/stm32f4xx_hal_tim.o
 .debug_info    0x0000dc71     0x14db ./Drivers/STM32F4xx_HAL_Driver/Src/stm32f4xx_hal_tim_ex.o
 .debug_info    0x0000f14c     0x1993 ./Drivers/STM32F4xx_HAL_Driver/Src/stm32f4xx_ll_usb.o
 .debug_info    0x00010adf     0x12a3 ./Middlewares/ST/STM32_USB_Device_Library/Class/CDC/Src/usbd_cdc.o
 .debug_info    0x00011d82      0xe05 ./Middlewares/ST/STM32_USB_Device_Library/Core/Src/usbd_core.o
 .debug_info    0x00012b87      0xade ./Middlewares/ST/STM32_USB_Device_Library/Core/Src/usbd_ctlreq.o
 .debug_info    0x00013665      0x755 ./Middlewares/ST/STM32_USB_Device_Library/Core/Src/usbd_ioreq.o

.debug_abbrev   0x00000000     0x32ab
 .debug_abbrev  0x00000000      0x2b0 ./Core/Src/main.o
 .debug_abbrev  0x000002b0      0x1d6 ./Core/Src/stm32f4xx_hal_msp.o
 .debug_abbrev  0x00000486      0x1e9 ./Core/Src/stm32f4xx_it.o
 .debug_abbrev  0x0000066f      0x11a ./Core/Src/system_stm32f4xx.o
 .debug_abbrev  0x00000789      0x195 ./Core/Src/usb_device.o
 .debug_abbrev  0x0000091e      0x2a3 ./Core/Src/usbd_cdc_if.o
 .debug_abbrev  0x00000bc1      0x33f ./Core/Src/usbd_conf.o
 .debug_abbrev  0x00000f00      0x1e1 ./Core/Src/usbd_desc.o
 .debug_abbrev  0x000010e1       0x24 ./Core/Startup/startup_stm32f407vgtx.o
 .debug_abbrev  0x00001105      0x214 ./Drivers/STM32F4xx_HAL_Driver/Src/stm32f4xx_hal.o
 .debug_abbrev  0x00001319      0x252 ./Drivers/STM32F4xx_HAL_Driver/Src/stm32f4xx_hal_adc.o
 .debug_abbrev  0x0000156b      0x31d ./Drivers/STM32F4xx_HAL_Driver/Src/stm32f4xx_hal_cortex.o
 .debug_abbrev  0x00001888      0x1d4 ./Drivers/STM32F4xx_HAL_Driver/Src/stm32f4xx_hal_gpio.o
 .debug_abbrev  0x00001a5c      0x2b9 ./Drivers/STM32F4xx_HAL_Driver/Src/stm32f4xx_hal_pcd.o
 .debug_abbrev  0x00001d15      0x1da ./Drivers/STM32F4xx_HAL_Driver/Src/stm32f4xx_hal_pcd_ex.o
 .debug_abbrev  0x00001eef      0x2b7 ./Drivers/STM32F4xx_HAL_Driver/Src/stm32f4xx_hal_rcc.o
 .debug_abbrev  0x000021a6      0x278 ./Drivers/STM32F4xx_HAL_Driver/Src/stm32f4xx_hal_tim.o
 .debug_abbrev  0x0000241e      0x283 ./Drivers/STM32F4xx_HAL_Driver/Src/stm32f4xx_hal_tim_ex.o
 .debug_abbrev  0x000026a1      0x2b3 ./Drivers/STM32F4xx_HAL_Driver/Src/stm32f4xx_ll_usb.o
 .debug_abbrev  0x00002954      0x2d2 ./Middlewares/ST/STM32_USB_Device_Library/Class/CDC/Src/usbd_cdc.o
 .debug_abbrev  0x00002c26      0x27c ./Middlewares/ST/STM32_USB_Device_Library/Core/Src/usbd_core.o
 .debug_abbrev  0x00002ea2      0x26f ./Middlewares/ST/STM32_USB_Device_Library/Core/Src/usbd_ctlreq.o
 .debug_abbrev  0x00003111      0x19a ./Middlewares/ST/STM32_USB_Device_Library/Core/Src/usbd_ioreq.o

.debug_aranges  0x00000000     0x11b0
 .debug_aranges
                0x00000000       0x50 ./Core/Src/main.o
 .debug_aranges
                0x00000050       0x48 ./Core/Src/stm32f4xx_hal_msp.o
 .debug_aranges
                0x00000098       0x68 ./Core/Src/stm32f4xx_it.o
 .debug_aranges
                0x00000100       0x28 ./Core/Src/system_stm32f4xx.o
 .debug_aranges
                0x00000128       0x20 ./Core/Src/usb_device.o
 .debug_aranges
                0x00000148       0x48 ./Core/Src/usbd_cdc_if.o
 .debug_aranges
                0x00000190      0x110 ./Core/Src/usbd_conf.o
 .debug_aranges
                0x000002a0       0x60 ./Core/Src/usbd_desc.o
 .debug_aranges
                0x00000300       0x28 ./Core/Startup/startup_stm32f407vgtx.o
 .debug_aranges
                0x00000328       0xf0 ./Drivers/STM32F4xx_HAL_Driver/Src/stm32f4xx_hal.o
 .debug_aranges
                0x00000418       0xe8 ./Drivers/STM32F4xx_HAL_Driver/Src/stm32f4xx_hal_adc.o
 .debug_aranges
                0x00000500      0x130 ./Drivers/STM32F4xx_HAL_Driver/Src/stm32f4xx_hal_cortex.o
 .debug_aranges
                0x00000630       0x58 ./Drivers/STM32F4xx_HAL_Driver/Src/stm32f4xx_hal_gpio.o
 .debug_aranges
                0x00000688      0x148 ./Drivers/STM32F4xx_HAL_Driver/Src/stm32f4xx_hal_pcd.o
 .debug_aranges
                0x000007d0       0x38 ./Drivers/STM32F4xx_HAL_Driver/Src/stm32f4xx_hal_pcd_ex.o
 .debug_aranges
                0x00000808       0x88 ./Drivers/STM32F4xx_HAL_Driver/Src/stm32f4xx_hal_rcc.o
 .debug_aranges
                0x00000890      0x3d0 ./Drivers/STM32F4xx_HAL_Driver/Src/stm32f4xx_hal_tim.o
 .debug_aranges
                0x00000c60      0x168 ./Drivers/STM32F4xx_HAL_Driver/Src/stm32f4xx_hal_tim_ex.o
 .debug_aranges
                0x00000dc8      0x1a0 ./Drivers/STM32F4xx_HAL_Driver/Src/stm32f4xx_ll_usb.o
 .debug_aranges
                0x00000f68       0x90 ./Middlewares/ST/STM32_USB_Device_Library/Class/CDC/Src/usbd_cdc.o
 .debug_aranges
                0x00000ff8       0xd8 ./Middlewares/ST/STM32_USB_Device_Library/Core/Src/usbd_core.o
 .debug_aranges
                0x000010d0       0x90 ./Middlewares/ST/STM32_USB_Device_Library/Core/Src/usbd_ctlreq.o
 .debug_aranges
                0x00001160       0x50 ./Middlewares/ST/STM32_USB_Device_Library/Core/Src/usbd_ioreq.o

.debug_rnglists
                0x00000000      0xd7c
 .debug_rnglists
                0x00000000       0x3c ./Core/Src/main.o
 .debug_rnglists
                0x0000003c       0x32 ./Core/Src/stm32f4xx_hal_msp.o
 .debug_rnglists
                0x0000006e       0x49 ./Core/Src/stm32f4xx_it.o
 .debug_rnglists
                0x000000b7       0x1a ./Core/Src/system_stm32f4xx.o
 .debug_rnglists
                0x000000d1       0x13 ./Core/Src/usb_device.o
 .debug_rnglists
                0x000000e4       0x32 ./Core/Src/usbd_cdc_if.o
 .debug_rnglists
                0x00000116       0xc9 ./Core/Src/usbd_conf.o
 .debug_rnglists
                0x000001df       0x43 ./Core/Src/usbd_desc.o
 .debug_rnglists
                0x00000222       0x19 ./Core/Startup/startup_stm32f407vgtx.o
 .debug_rnglists
                0x0000023b       0xaf ./Drivers/STM32F4xx_HAL_Driver/Src/stm32f4xx_hal.o
 .debug_rnglists
                0x000002ea       0xb5 ./Drivers/STM32F4xx_HAL_Driver/Src/stm32f4xx_hal_adc.o
 .debug_rnglists
                0x0000039f       0xe0 ./Drivers/STM32F4xx_HAL_Driver/Src/stm32f4xx_hal_cortex.o
 .debug_rnglists
                0x0000047f       0x3f ./Drivers/STM32F4xx_HAL_Driver/Src/stm32f4xx_hal_gpio.o
 .debug_rnglists
                0x000004be       0xfa ./Drivers/STM32F4xx_HAL_Driver/Src/stm32f4xx_hal_pcd.o
 .debug_rnglists
                0x000005b8       0x26 ./Drivers/STM32F4xx_HAL_Driver/Src/stm32f4xx_hal_pcd_ex.o
 .debug_rnglists
                0x000005de       0x66 ./Drivers/STM32F4xx_HAL_Driver/Src/stm32f4xx_hal_rcc.o
 .debug_rnglists
                0x00000644      0x31a ./Drivers/STM32F4xx_HAL_Driver/Src/stm32f4xx_hal_tim.o
 .debug_rnglists
                0x0000095e      0x125 ./Drivers/STM32F4xx_HAL_Driver/Src/stm32f4xx_hal_tim_ex.o
 .debug_rnglists
                0x00000a83      0x147 ./Drivers/STM32F4xx_HAL_Driver/Src/stm32f4xx_ll_usb.o
 .debug_rnglists
                0x00000bca       0x6c ./Middlewares/ST/STM32_USB_Device_Library/Class/CDC/Src/usbd_cdc.o
 .debug_rnglists
                0x00000c36       0xa1 ./Middlewares/ST/STM32_USB_Device_Library/Core/Src/usbd_core.o
 .debug_rnglists
                0x00000cd7       0x6e ./Middlewares/ST/STM32_USB_Device_Library/Core/Src/usbd_ctlreq.o
 .debug_rnglists
                0x00000d45       0x37 ./Middlewares/ST/STM32_USB_Device_Library/Core/Src/usbd_ioreq.o

.debug_macro    0x00000000    0x24ba9
 .debug_macro   0x00000000      0x3cc ./Core/Src/main.o
 .debug_macro   0x000003cc      0xab4 ./Core/Src/main.o
 .debug_macro   0x00000e80      0x2a1 ./Core/Src/main.o
 .debug_macro   0x00001121       0x2e ./Core/Src/main.o
 .debug_macro   0x0000114f       0x2f ./Core/Src/main.o
 .debug_macro   0x0000117e       0x22 ./Core/Src/main.o
 .debug_macro   0x000011a0       0x8e ./Core/Src/main.o
 .debug_macro   0x0000122e       0x51 ./Core/Src/main.o
 .debug_macro   0x0000127f      0x103 ./Core/Src/main.o
 .debug_macro   0x00001382       0x6a ./Core/Src/main.o
 .debug_macro   0x000013ec      0x1df ./Core/Src/main.o
 .debug_macro   0x000015cb       0x1c ./Core/Src/main.o
 .debug_macro   0x000015e7       0x22 ./Core/Src/main.o
 .debug_macro   0x00001609       0xfb ./Core/Src/main.o
 .debug_macro   0x00001704     0x1011 ./Core/Src/main.o
 .debug_macro   0x00002715      0x11f ./Core/Src/main.o
 .debug_macro   0x00002834    0x15e97 ./Core/Src/main.o
 .debug_macro   0x000186cb       0x6d ./Core/Src/main.o
 .debug_macro   0x00018738     0x369a ./Core/Src/main.o
 .debug_macro   0x0001bdd2      0x189 ./Core/Src/main.o
 .debug_macro   0x0001bf5b       0x5c ./Core/Src/main.o
 .debug_macro   0x0001bfb7      0x980 ./Core/Src/main.o
 .debug_macro   0x0001c937      0x9e9 ./Core/Src/main.o
 .debug_macro   0x0001d320      0x115 ./Core/Src/main.o
 .debug_macro   0x0001d435      0x13e ./Core/Src/main.o
 .debug_macro   0x0001d573       0xa5 ./Core/Src/main.o
 .debug_macro   0x0001d618      0x174 ./Core/Src/main.o
 .debug_macro   0x0001d78c      0x287 ./Core/Src/main.o
 .debug_macro   0x0001da13       0x5f ./Core/Src/main.o
 .debug_macro   0x0001da72      0x236 ./Core/Src/main.o
 .debug_macro   0x0001dca8      0xb5b ./Core/Src/main.o
 .debug_macro   0x0001e803      0x38b ./Core/Src/main.o
 .debug_macro   0x0001eb8e      0x176 ./Core/Src/main.o
 .debug_macro   0x0001ed04       0xf9 ./Core/Src/main.o
 .debug_macro   0x0001edfd      0x12c ./Core/Src/main.o
 .debug_macro   0x0001ef29      0x21e ./Core/Src/main.o
 .debug_macro   0x0001f147       0x2e ./Core/Src/main.o
 .debug_macro   0x0001f175      0x127 ./Core/Src/main.o
 .debug_macro   0x0001f29c       0x7e ./Core/Src/main.o
 .debug_macro   0x0001f31a       0x89 ./Core/Src/main.o
 .debug_macro   0x0001f3a3      0x8ed ./Core/Src/main.o
 .debug_macro   0x0001fc90       0x4d ./Core/Src/main.o
 .debug_macro   0x0001fcdd      0x293 ./Core/Src/main.o
 .debug_macro   0x0001ff70       0xba ./Core/Src/main.o
 .debug_macro   0x0002002a      0x12d ./Core/Src/main.o
 .debug_macro   0x00020157       0x61 ./Core/Src/main.o
 .debug_macro   0x000201b8       0x2a ./Core/Src/main.o
 .debug_macro   0x000201e2       0x43 ./Core/Src/main.o
 .debug_macro   0x00020225       0x34 ./Core/Src/main.o
 .debug_macro   0x00020259       0x16 ./Core/Src/main.o
 .debug_macro   0x0002026f       0x35 ./Core/Src/main.o
 .debug_macro   0x000202a4      0x369 ./Core/Src/main.o
 .debug_macro   0x0002060d       0x10 ./Core/Src/main.o
 .debug_macro   0x0002061d       0x16 ./Core/Src/main.o
 .debug_macro   0x00020633       0x43 ./Core/Src/main.o
 .debug_macro   0x00020676       0x34 ./Core/Src/main.o
 .debug_macro   0x000206aa       0x10 ./Core/Src/main.o
 .debug_macro   0x000206ba       0x58 ./Core/Src/main.o
 .debug_macro   0x00020712       0x8e ./Core/Src/main.o
 .debug_macro   0x000207a0       0x1c ./Core/Src/main.o
 .debug_macro   0x000207bc      0x177 ./Core/Src/main.o
 .debug_macro   0x00020933       0x16 ./Core/Src/main.o
 .debug_macro   0x00020949       0x16 ./Core/Src/main.o
 .debug_macro   0x0002095f      0x146 ./Core/Src/main.o
 .debug_macro   0x00020aa5       0x16 ./Core/Src/main.o
 .debug_macro   0x00020abb       0x16 ./Core/Src/main.o
 .debug_macro   0x00020ad1       0x29 ./Core/Src/main.o
 .debug_macro   0x00020afa       0x16 ./Core/Src/main.o
 .debug_macro   0x00020b10       0x20 ./Core/Src/main.o
 .debug_macro   0x00020b30       0x65 ./Core/Src/main.o
 .debug_macro   0x00020b95      0x20f ./Core/Src/main.o
 .debug_macro   0x00020da4       0x95 ./Core/Src/main.o
 .debug_macro   0x00020e39       0x10 ./Core/Src/main.o
 .debug_macro   0x00020e49      0x21a ./Core/Src/stm32f4xx_hal_msp.o
 .debug_macro   0x00021063      0x224 ./Core/Src/stm32f4xx_it.o
 .debug_macro   0x00021287      0x210 ./Core/Src/system_stm32f4xx.o
 .debug_macro   0x00021497      0x3cf ./Core/Src/usb_device.o
 .debug_macro   0x00021866       0x22 ./Core/Src/usb_device.o
 .debug_macro   0x00021888       0x16 ./Core/Src/usb_device.o
 .debug_macro   0x0002189e      0x3b4 ./Core/Src/usbd_cdc_if.o
 .debug_macro   0x00021c52       0x9e ./Core/Src/usbd_cdc_if.o
 .debug_macro   0x00021cf0      0x10b ./Core/Src/usbd_cdc_if.o
 .debug_macro   0x00021dfb       0x56 ./Core/Src/usbd_cdc_if.o
 .debug_macro   0x00021e51      0x3b3 ./Core/Src/usbd_conf.o
 .debug_macro   0x00022204      0x3d3 ./Core/Src/usbd_desc.o
 .debug_macro   0x000225d7      0x215 ./Core/Src/usbd_desc.o
 .debug_macro   0x000227ec       0x1c ./Core/Src/usbd_desc.o
 .debug_macro   0x00022808      0x270 ./Drivers/STM32F4xx_HAL_Driver/Src/stm32f4xx_hal.o
 .debug_macro   0x00022a78      0x211 ./Drivers/STM32F4xx_HAL_Driver/Src/stm32f4xx_hal_adc.o
 .debug_macro   0x00022c89      0x210 ./Drivers/STM32F4xx_HAL_Driver/Src/stm32f4xx_hal_cortex.o
 .debug_macro   0x00022e99      0x216 ./Drivers/STM32F4xx_HAL_Driver/Src/stm32f4xx_hal_gpio.o
 .debug_macro   0x000230af      0x21c ./Drivers/STM32F4xx_HAL_Driver/Src/stm32f4xx_hal_pcd.o
 .debug_macro   0x000232cb      0x210 ./Drivers/STM32F4xx_HAL_Driver/Src/stm32f4xx_hal_pcd_ex.o
 .debug_macro   0x000234db      0x234 ./Drivers/STM32F4xx_HAL_Driver/Src/stm32f4xx_hal_rcc.o
 .debug_macro   0x0002370f      0x211 ./Drivers/STM32F4xx_HAL_Driver/Src/stm32f4xx_hal_tim.o
 .debug_macro   0x00023920      0x210 ./Drivers/STM32F4xx_HAL_Driver/Src/stm32f4xx_hal_tim_ex.o
 .debug_macro   0x00023b30      0x210 ./Drivers/STM32F4xx_HAL_Driver/Src/stm32f4xx_ll_usb.o
 .debug_macro   0x00023d40      0x3a9 ./Middlewares/ST/STM32_USB_Device_Library/Class/CDC/Src/usbd_cdc.o
 .debug_macro   0x000240e9      0x390 ./Middlewares/ST/STM32_USB_Device_Library/Core/Src/usbd_core.o
 .debug_macro   0x00024479      0x39a ./Middlewares/ST/STM32_USB_Device_Library/Core/Src/usbd_ctlreq.o
 .debug_macro   0x00024813      0x396 ./Middlewares/ST/STM32_USB_Device_Library/Core/Src/usbd_ioreq.o

.debug_line     0x00000000    0x155fd
 .debug_line    0x00000000      0xb86 ./Core/Src/main.o
 .debug_line    0x00000b86      0x7db ./Core/Src/stm32f4xx_hal_msp.o
 .debug_line    0x00001361      0x7e9 ./Core/Src/stm32f4xx_it.o
 .debug_line    0x00001b4a      0x78e ./Core/Src/system_stm32f4xx.o
 .debug_line    0x000022d8      0x9b4 ./Core/Src/usb_device.o
 .debug_line    0x00002c8c      0xa29 ./Core/Src/usbd_cdc_if.o
 .debug_line    0x000036b5      0xdaf ./Core/Src/usbd_conf.o
 .debug_line    0x00004464      0xa6d ./Core/Src/usbd_desc.o
 .debug_line    0x00004ed1       0x7a ./Core/Startup/startup_stm32f407vgtx.o
 .debug_line    0x00004f4b      0x9f7 ./Drivers/STM32F4xx_HAL_Driver/Src/stm32f4xx_hal.o
 .debug_line    0x00005942     0x127f ./Drivers/STM32F4xx_HAL_Driver/Src/stm32f4xx_hal_adc.o
 .debug_line    0x00006bc1      0xce9 ./Drivers/STM32F4xx_HAL_Driver/Src/stm32f4xx_hal_cortex.o
 .debug_line    0x000078aa      0xb83 ./Drivers/STM32F4xx_HAL_Driver/Src/stm32f4xx_hal_gpio.o
 .debug_line    0x0000842d     0x14e0 ./Drivers/STM32F4xx_HAL_Driver/Src/stm32f4xx_hal_pcd.o
 .debug_line    0x0000990d      0x7d4 ./Drivers/STM32F4xx_HAL_Driver/Src/stm32f4xx_hal_pcd_ex.o
 .debug_line    0x0000a0e1      0xd82 ./Drivers/STM32F4xx_HAL_Driver/Src/stm32f4xx_hal_rcc.o
 .debug_line    0x0000ae63     0x379b ./Drivers/STM32F4xx_HAL_Driver/Src/stm32f4xx_hal_tim.o
 .debug_line    0x0000e5fe     0x19ed ./Drivers/STM32F4xx_HAL_Driver/Src/stm32f4xx_hal_tim_ex.o
 .debug_line    0x0000ffeb     0x1dd2 ./Drivers/STM32F4xx_HAL_Driver/Src/stm32f4xx_ll_usb.o
 .debug_line    0x00011dbd      0xe6a ./Middlewares/ST/STM32_USB_Device_Library/Class/CDC/Src/usbd_cdc.o
 .debug_line    0x00012c27      0xee4 ./Middlewares/ST/STM32_USB_Device_Library/Core/Src/usbd_core.o
 .debug_line    0x00013b0b     0x10f4 ./Middlewares/ST/STM32_USB_Device_Library/Core/Src/usbd_ctlreq.o
 .debug_line    0x00014bff      0x9fe ./Middlewares/ST/STM32_USB_Device_Library/Core/Src/usbd_ioreq.o

.debug_str      0x00000000    0xd9178
 .debug_str     0x00000000    0xd46ef ./Core/Src/main.o
                              0xd4ad3 (size before relaxing)
 .debug_str     0x000d46ef      0x630 ./Core/Src/stm32f4xx_hal_msp.o
                              0xd05ef (size before relaxing)
 .debug_str     0x000d4d1f      0x474 ./Core/Src/stm32f4xx_it.o
                              0xd019b (size before relaxing)
 .debug_str     0x000d5193       0xdb ./Core/Src/system_stm32f4xx.o
                              0xcf9a2 (size before relaxing)
 .debug_str     0x000d526e      0x4a7 ./Core/Src/usb_device.o
                              0xd4379 (size before relaxing)
 .debug_str     0x000d5715      0x159 ./Core/Src/usbd_cdc_if.o
                              0xd43d5 (size before relaxing)
 .debug_str     0x000d586e      0x466 ./Core/Src/usbd_conf.o
                              0xd51b8 (size before relaxing)
 .debug_str     0x000d5cd4      0x277 ./Core/Src/usbd_desc.o
                              0xd3ec6 (size before relaxing)
 .debug_str     0x000d5f4b       0x44 ./Core/Startup/startup_stm32f407vgtx.o
                                 0x73 (size before relaxing)
 .debug_str     0x000d5f8f      0x60d ./Drivers/STM32F4xx_HAL_Driver/Src/stm32f4xx_hal.o
                              0xd0526 (size before relaxing)
 .debug_str     0x000d659c      0x287 ./Drivers/STM32F4xx_HAL_Driver/Src/stm32f4xx_hal_adc.o
                              0xcff8f (size before relaxing)
 .debug_str     0x000d6823      0x36b ./Drivers/STM32F4xx_HAL_Driver/Src/stm32f4xx_hal_cortex.o
                              0xd02a2 (size before relaxing)
 .debug_str     0x000d6b8e      0x15d ./Drivers/STM32F4xx_HAL_Driver/Src/stm32f4xx_hal_gpio.o
                              0xcfb1d (size before relaxing)
 .debug_str     0x000d6ceb      0x5eb ./Drivers/STM32F4xx_HAL_Driver/Src/stm32f4xx_hal_pcd.o
                              0xd0480 (size before relaxing)
 .debug_str     0x000d72d6      0x115 ./Drivers/STM32F4xx_HAL_Driver/Src/stm32f4xx_hal_pcd_ex.o
                              0xcfd70 (size before relaxing)
 .debug_str     0x000d73eb      0x21f ./Drivers/STM32F4xx_HAL_Driver/Src/stm32f4xx_hal_rcc.o
                              0xcfdd6 (size before relaxing)
 .debug_str     0x000d760a      0xd5d ./Drivers/STM32F4xx_HAL_Driver/Src/stm32f4xx_hal_tim.o
                              0xd0d2c (size before relaxing)
 .debug_str     0x000d8367      0x3e1 ./Drivers/STM32F4xx_HAL_Driver/Src/stm32f4xx_hal_tim_ex.o
                              0xd0538 (size before relaxing)
 .debug_str     0x000d8748      0x4a4 ./Drivers/STM32F4xx_HAL_Driver/Src/stm32f4xx_ll_usb.o
                              0xd035b (size before relaxing)
 .debug_str     0x000d8bec      0x23e ./Middlewares/ST/STM32_USB_Device_Library/Class/CDC/Src/usbd_cdc.o
                              0xd4973 (size before relaxing)
 .debug_str     0x000d8e2a      0x210 ./Middlewares/ST/STM32_USB_Device_Library/Core/Src/usbd_core.o
                              0xd42cc (size before relaxing)
 .debug_str     0x000d903a       0xed ./Middlewares/ST/STM32_USB_Device_Library/Core/Src/usbd_ctlreq.o
                              0xd40f7 (size before relaxing)
 .debug_str     0x000d9127       0x51 ./Middlewares/ST/STM32_USB_Device_Library/Core/Src/usbd_ioreq.o
                              0xd3fcc (size before relaxing)

.comment        0x00000000       0x43
 .comment       0x00000000       0x43 ./Core/Src/main.o
                                 0x44 (size before relaxing)
 .comment       0x00000043       0x44 ./Core/Src/stm32f4xx_hal_msp.o
 .comment       0x00000043       0x44 ./Core/Src/stm32f4xx_it.o
 .comment       0x00000043       0x44 ./Core/Src/system_stm32f4xx.o
 .comment       0x00000043       0x44 ./Core/Src/usb_device.o
 .comment       0x00000043       0x44 ./Core/Src/usbd_cdc_if.o
 .comment       0x00000043       0x44 ./Core/Src/usbd_conf.o
 .comment       0x00000043       0x44 ./Core/Src/usbd_desc.o
 .comment       0x00000043       0x44 ./Drivers/STM32F4xx_HAL_Driver/Src/stm32f4xx_hal.o
 .comment       0x00000043       0x44 ./Drivers/STM32F4xx_HAL_Driver/Src/stm32f4xx_hal_adc.o
 .comment       0x00000043       0x44 ./Drivers/STM32F4xx_HAL_Driver/Src/stm32f4xx_hal_cortex.o
 .comment       0x00000043       0x44 ./Drivers/STM32F4xx_HAL_Driver/Src/stm32f4xx_hal_gpio.o
 .comment       0x00000043       0x44 ./Drivers/STM32F4xx_HAL_Driver/Src/stm32f4xx_hal_pcd.o
 .comment       0x00000043       0x44 ./Drivers/STM32F4xx_HAL_Driver/Src/stm32f4xx_hal_pcd_ex.o
 .comment       0x00000043       0x44 ./Drivers/STM32F4xx_HAL_Driver/Src/stm32f4xx_hal_rcc.o
 .comment       0x00000043       0x44 ./Drivers/STM32F4xx_HAL_Driver/Src/stm32f4xx_hal_tim.o
 .comment       0x00000043       0x44 ./Drivers/STM32F4xx_HAL_Driver/Src/stm32f4xx_hal_tim_ex.o
 .comment       0x00000043       0x44 ./Drivers/STM32F4xx_HAL_Driver/Src/stm32f4xx_ll_usb.o
 .comment       0x00000043       0x44 ./Middlewares/ST/STM32_USB_Device_Library/Class/CDC/Src/usbd_cdc.o
 .comment       0x00000043       0x44 ./Middlewares/ST/STM32_USB_Device_Library/Core/Src/usbd_core.o
 .comment       0x00000043       0x44 ./Middlewares/ST/STM32_USB_Device_Library/Core/Src/usbd_ctlreq.o
 .comment       0x00000043       0x44 ./Middlewares/ST/STM32_USB_Device_Library/Core/Src/usbd_ioreq.o

.debug_frame    0x00000000     0x4a0c
 .debug_frame   0x00000000      0x100 ./Core/Src/main.o
 .debug_frame   0x00000100       0xec ./Core/Src/stm32f4xx_hal_msp.o
 .debug_frame   0x000001ec      0x11c ./Core/Src/stm32f4xx_it.o
 .debug_frame   0x00000308       0x58 ./Core/Src/system_stm32f4xx.o
 .debug_frame   0x00000360       0x2c ./Core/Src/usb_device.o
 .debug_frame   0x0000038c       0xe4 ./Core/Src/usbd_cdc_if.o
 .debug_frame   0x00000470      0x47c ./Core/Src/usbd_conf.o
 .debug_frame   0x000008ec      0x160 ./Core/Src/usbd_desc.o
 .debug_frame   0x00000a4c      0x374 ./Drivers/STM32F4xx_HAL_Driver/Src/stm32f4xx_hal.o
 .debug_frame   0x00000dc0      0x3fc ./Drivers/STM32F4xx_HAL_Driver/Src/stm32f4xx_hal_adc.o
 .debug_frame   0x000011bc      0x508 ./Drivers/STM32F4xx_HAL_Driver/Src/stm32f4xx_hal_cortex.o
 .debug_frame   0x000016c4      0x14c ./Drivers/STM32F4xx_HAL_Driver/Src/stm32f4xx_hal_gpio.o
 .debug_frame   0x00001810      0x5b8 ./Drivers/STM32F4xx_HAL_Driver/Src/stm32f4xx_hal_pcd.o
 .debug_frame   0x00001dc8       0xb0 ./Drivers/STM32F4xx_HAL_Driver/Src/stm32f4xx_hal_pcd_ex.o
 .debug_frame   0x00001e78      0x1f4 ./Drivers/STM32F4xx_HAL_Driver/Src/stm32f4xx_hal_rcc.o
 .debug_frame   0x0000206c     0x11c0 ./Drivers/STM32F4xx_HAL_Driver/Src/stm32f4xx_hal_tim.o
 .debug_frame   0x0000322c      0x638 ./Drivers/STM32F4xx_HAL_Driver/Src/stm32f4xx_hal_tim_ex.o
 .debug_frame   0x00003864      0x7c0 ./Drivers/STM32F4xx_HAL_Driver/Src/stm32f4xx_ll_usb.o
 .debug_frame   0x00004024      0x23c ./Middlewares/ST/STM32_USB_Device_Library/Class/CDC/Src/usbd_cdc.o
 .debug_frame   0x00004260      0x390 ./Middlewares/ST/STM32_USB_Device_Library/Core/Src/usbd_core.o
 .debug_frame   0x000045f0      0x23c ./Middlewares/ST/STM32_USB_Device_Library/Core/Src/usbd_ctlreq.o
 .debug_frame   0x0000482c      0x10c ./Middlewares/ST/STM32_USB_Device_Library/Core/Src/usbd_ioreq.o
 .debug_frame   0x00004938       0x20 /opt/st/stm32cubeide_1.15.0/plugins/com.st.stm32cube.ide.mcu.externaltools.gnu-tools-for-stm32.12.3.rel1.linux64_1.0.100.202403111256/tools/bin/../lib/gcc/arm-none-eabi/12.3.1/../../../../arm-none-eabi/lib/thumb/v7e-m+fp/hard/libc_nano.a(libc_a-memset.o)
 .debug_frame   0x00004958       0x28 /opt/st/stm32cubeide_1.15.0/plugins/com.st.stm32cube.ide.mcu.externaltools.gnu-tools-for-stm32.12.3.rel1.linux64_1.0.100.202403111256/tools/bin/../lib/gcc/arm-none-eabi/12.3.1/../../../../arm-none-eabi/lib/thumb/v7e-m+fp/hard/libc_nano.a(libc_a-strncmp.o)
 .debug_frame   0x00004980       0x2c /opt/st/stm32cubeide_1.15.0/plugins/com.st.stm32cube.ide.mcu.externaltools.gnu-tools-for-stm32.12.3.rel1.linux64_1.0.100.202403111256/tools/bin/../lib/gcc/arm-none-eabi/12.3.1/../../../../arm-none-eabi/lib/thumb/v7e-m+fp/hard/libc_nano.a(libc_a-init.o)
 .debug_frame   0x000049ac       0x2c /opt/st/stm32cubeide_1.15.0/plugins/com.st.stm32cube.ide.mcu.externaltools.gnu-tools-for-stm32.12.3.rel1.linux64_1.0.100.202403111256/tools/bin/../lib/gcc/arm-none-eabi/12.3.1/thumb/v7e-m+fp/hard/libgcc.a(_aeabi_uldivmod.o)
 .debug_frame   0x000049d8       0x34 /opt/st/stm32cubeide_1.15.0/plugins/com.st.stm32cube.ide.mcu.externaltools.gnu-tools-for-stm32.12.3.rel1.linux64_1.0.100.202403111256/tools/bin/../lib/gcc/arm-none-eabi/12.3.1/thumb/v7e-m+fp/hard/libgcc.a(_udivmoddi4.o)

.debug_line_str
                0x00000000       0x57
 .debug_line_str
                0x00000000       0x57 ./Core/Startup/startup_stm32f407vgtx.o